Archive member included to satisfy reference by file (symbol)

../src/ASF/thirdparty/wireless/services/common_hw_timer/mega/lib\libmegarfr2_lib_hw_timer.a(common_hw_timer.o)
                              src/ASF/thirdparty/wireless/avr2025_mac/source/pal/common_sw_timer/common_sw_timer.o (common_tc_read_count)
c:/program files (x86)/atmel/studio/7.0/toolchain/avr8/avr8-gnu-toolchain/bin/../lib/gcc/avr/5.4.0/../../../../avr/lib/avr6\libm.a(addsf3.o)
                              src/usr_wireless.o (__subsf3)
c:/program files (x86)/atmel/studio/7.0/toolchain/avr8/avr8-gnu-toolchain/bin/../lib/gcc/avr/5.4.0/../../../../avr/lib/avr6\libm.a(addsf3x.o)
                              c:/program files (x86)/atmel/studio/7.0/toolchain/avr8/avr8-gnu-toolchain/bin/../lib/gcc/avr/5.4.0/../../../../avr/lib/avr6\libm.a(addsf3.o) (__addsf3x)
c:/program files (x86)/atmel/studio/7.0/toolchain/avr8/avr8-gnu-toolchain/bin/../lib/gcc/avr/5.4.0/../../../../avr/lib/avr6\libm.a(cmpsf2.o)
                              src/ASF/thirdparty/wireless/avr2025_mac/source/tal/src/tal_helper.o (__ltsf2)
c:/program files (x86)/atmel/studio/7.0/toolchain/avr8/avr8-gnu-toolchain/bin/../lib/gcc/avr/5.4.0/../../../../avr/lib/avr6\libm.a(fixsfsi.o)
                              src/usr_wireless.o (__fixsfsi)
c:/program files (x86)/atmel/studio/7.0/toolchain/avr8/avr8-gnu-toolchain/bin/../lib/gcc/avr/5.4.0/../../../../avr/lib/avr6\libm.a(fixunssfsi.o)
                              src/ASF/thirdparty/wireless/avr2025_mac/source/tal/src/tal_helper.o (__fixunssfsi)
c:/program files (x86)/atmel/studio/7.0/toolchain/avr8/avr8-gnu-toolchain/bin/../lib/gcc/avr/5.4.0/../../../../avr/lib/avr6\libm.a(floatsisf.o)
                              src/usr_wireless.o (__floatunsisf)
c:/program files (x86)/atmel/studio/7.0/toolchain/avr8/avr8-gnu-toolchain/bin/../lib/gcc/avr/5.4.0/../../../../avr/lib/avr6\libm.a(fp_cmp.o)
                              c:/program files (x86)/atmel/studio/7.0/toolchain/avr8/avr8-gnu-toolchain/bin/../lib/gcc/avr/5.4.0/../../../../avr/lib/avr6\libm.a(cmpsf2.o) (__fp_cmp)
c:/program files (x86)/atmel/studio/7.0/toolchain/avr8/avr8-gnu-toolchain/bin/../lib/gcc/avr/5.4.0/../../../../avr/lib/avr6\libm.a(fp_inf.o)
                              c:/program files (x86)/atmel/studio/7.0/toolchain/avr8/avr8-gnu-toolchain/bin/../lib/gcc/avr/5.4.0/../../../../avr/lib/avr6\libm.a(addsf3x.o) (__fp_inf)
c:/program files (x86)/atmel/studio/7.0/toolchain/avr8/avr8-gnu-toolchain/bin/../lib/gcc/avr/5.4.0/../../../../avr/lib/avr6\libm.a(fp_nan.o)
                              c:/program files (x86)/atmel/studio/7.0/toolchain/avr8/avr8-gnu-toolchain/bin/../lib/gcc/avr/5.4.0/../../../../avr/lib/avr6\libm.a(addsf3x.o) (__fp_nan)
c:/program files (x86)/atmel/studio/7.0/toolchain/avr8/avr8-gnu-toolchain/bin/../lib/gcc/avr/5.4.0/../../../../avr/lib/avr6\libm.a(fp_pscA.o)
                              c:/program files (x86)/atmel/studio/7.0/toolchain/avr8/avr8-gnu-toolchain/bin/../lib/gcc/avr/5.4.0/../../../../avr/lib/avr6\libm.a(addsf3x.o) (__fp_pscA)
c:/program files (x86)/atmel/studio/7.0/toolchain/avr8/avr8-gnu-toolchain/bin/../lib/gcc/avr/5.4.0/../../../../avr/lib/avr6\libm.a(fp_pscB.o)
                              c:/program files (x86)/atmel/studio/7.0/toolchain/avr8/avr8-gnu-toolchain/bin/../lib/gcc/avr/5.4.0/../../../../avr/lib/avr6\libm.a(addsf3x.o) (__fp_pscB)
c:/program files (x86)/atmel/studio/7.0/toolchain/avr8/avr8-gnu-toolchain/bin/../lib/gcc/avr/5.4.0/../../../../avr/lib/avr6\libm.a(fp_round.o)
                              c:/program files (x86)/atmel/studio/7.0/toolchain/avr8/avr8-gnu-toolchain/bin/../lib/gcc/avr/5.4.0/../../../../avr/lib/avr6\libm.a(addsf3.o) (__fp_round)
c:/program files (x86)/atmel/studio/7.0/toolchain/avr8/avr8-gnu-toolchain/bin/../lib/gcc/avr/5.4.0/../../../../avr/lib/avr6\libm.a(fp_split3.o)
                              c:/program files (x86)/atmel/studio/7.0/toolchain/avr8/avr8-gnu-toolchain/bin/../lib/gcc/avr/5.4.0/../../../../avr/lib/avr6\libm.a(addsf3x.o) (__fp_split3)
c:/program files (x86)/atmel/studio/7.0/toolchain/avr8/avr8-gnu-toolchain/bin/../lib/gcc/avr/5.4.0/../../../../avr/lib/avr6\libm.a(fp_zero.o)
                              c:/program files (x86)/atmel/studio/7.0/toolchain/avr8/avr8-gnu-toolchain/bin/../lib/gcc/avr/5.4.0/../../../../avr/lib/avr6\libm.a(addsf3x.o) (__fp_zero)
c:/program files (x86)/atmel/studio/7.0/toolchain/avr8/avr8-gnu-toolchain/bin/../lib/gcc/avr/5.4.0/../../../../avr/lib/avr6\libm.a(gesf2.o)
                              src/ASF/thirdparty/wireless/avr2025_mac/source/tal/src/tal_helper.o (__gtsf2)
c:/program files (x86)/atmel/studio/7.0/toolchain/avr8/avr8-gnu-toolchain/bin/../lib/gcc/avr/5.4.0/../../../../avr/lib/avr6\libm.a(mulsf3.o)
                              src/usr_wireless.o (__mulsf3)
c:/program files (x86)/atmel/studio/7.0/toolchain/avr8/avr8-gnu-toolchain/bin/../lib/gcc/avr/5.4.0/../../../../avr/lib/avr6\libm.a(mulsf3x.o)
[...]
Memory Configuration

Name             Origin             Length             Attributes
text             0x00000000         0x00040000         xr
data             0x00800200         0x00008000         rw !x
eeprom           0x00810000         0x00002000         rw !x
fuse             0x00820000         0x00000003         rw !x
lock             0x00830000         0x00000400         rw !x
signature        0x00840000         0x00000400         rw !x
user_signatures  0x00850000         0x00000400         rw !x
*default*        0x00000000         0xffffffff

Linker script and memory map

Address of section .data set to 0x800200
LOAD C:/Program Files (x86)/Atmel/Studio/7.0/Packs/atmel/ATmega_DFP/1.6.364/gcc/dev/atmega256rfr2/avr6/crtatmega256rfr2.o
LOAD src/usr_periodic_timer.o
LOAD src/usr_wireless.o
LOAD src/Wireless/periodic_timer.o
LOAD src/Wireless/wireless_api.o
LOAD src/ASF/common/boards/user_board/init.o
LOAD src/ASF/common/services/clock/mega/sysclk.o
LOAD src/ASF/thirdparty/wireless/avr2025_mac/source/pal/common_sw_timer/common_sw_timer.o
LOAD src/ASF/thirdparty/wireless/avr2025_mac/source/pal/pal.o
LOAD src/ASF/thirdparty/wireless/avr2025_mac/source/resources/buffer/src/bmm.o
LOAD src/ASF/thirdparty/wireless/avr2025_mac/source/resources/queue/src/qmm.o
LOAD src/ASF/thirdparty/wireless/avr2025_mac/source/tal/atmegarfr2/src/tal.o
LOAD src/ASF/thirdparty/wireless/avr2025_mac/source/tal/atmegarfr2/src/tal_ed.o
LOAD src/ASF/thirdparty/wireless/avr2025_mac/source/tal/atmegarfr2/src/tal_init.o
LOAD src/ASF/thirdparty/wireless/avr2025_mac/source/tal/atmegarfr2/src/tal_irq_handler.o
LOAD src/ASF/thirdparty/wireless/avr2025_mac/source/tal/atmegarfr2/src/tal_pib.o
LOAD src/ASF/thirdparty/wireless/avr2025_mac/source/tal/atmegarfr2/src/tal_pwr_mgmt.o
LOAD src/ASF/thirdparty/wireless/avr2025_mac/source/tal/atmegarfr2/src/tal_rx.o
LOAD src/ASF/thirdparty/wireless/avr2025_mac/source/tal/atmegarfr2/src/tal_rx_enable.o
LOAD src/ASF/thirdparty/wireless/avr2025_mac/source/tal/atmegarfr2/src/tal_slotted_csma.o
LOAD src/ASF/thirdparty/wireless/avr2025_mac/source/tal/atmegarfr2/src/tal_tx.o
LOAD src/ASF/thirdparty/wireless/avr2025_mac/source/tal/src/tal_helper.o
LOAD src/ASF/thirdparty/wireless/avr2025_mac/source/tfa/atmegarfr2/src/tfa.o
LOAD src/ASF/thirdparty/wireless/services/common_hw_timer/mega/hw_timer.o
LOAD src/ASF/thirdparty/wireless/services/mega/drivers/tc/tc_megarf.o
LOAD src/main.o
START GROUP
LOAD ../src/ASF/thirdparty/wireless/services/common_hw_timer/mega/lib\libmegarfr2_lib_hw_timer.a
LOAD c:/program files (x86)/atmel/studio/7.0/toolchain/avr8/avr8-gnu-toolchain/bin/../lib/gcc/avr/5.4.0/../../../../avr/lib/avr6\libm.a
END GROUP
START GROUP
LOAD c:/program files (x86)/atmel/studio/7.0/toolchain/avr8/avr8-gnu-toolchain/bin/../lib/gcc/avr/5.4.0/avr6\libgcc.a
LOAD c:/program files (x86)/atmel/studio/7.0/toolchain/avr8/avr8-gnu-toolchain/bin/../lib/gcc/avr/5.4.0/../../../../avr/lib/avr6\libm.a
LOAD c:/program files (x86)/atmel/studio/7.0/toolchain/avr8/avr8-gnu-toolchain/bin/../lib/gcc/avr/5.4.0/../../../../avr/lib/avr6\libc.a
LOAD C:/Program Files (x86)/Atmel/Studio/7.0/Packs/atmel/ATmega_DFP/1.6.364/gcc/dev/atmega256rfr2/avr6\libatmega256rfr2.a
END GROUP
                [0x00000000]                __TEXT_REGION_ORIGIN__ = DEFINED (__TEXT_REGION_ORIGIN__)?__TEXT_REGION_ORIGIN__:0x0
                [0x00800200]                __DATA_REGION_ORIGIN__ = DEFINED (__DATA_REGION_ORIGIN__)?__DATA_REGION_ORIGIN__:0x800200
                [0x00040000]                __TEXT_REGION_LENGTH__ = DEFINED (__TEXT_REGION_LENGTH__)?__TEXT_REGION_LENGTH__:0x100000
                [0x00008000]                __DATA_REGION_LENGTH__ = DEFINED (__DATA_REGION_LENGTH__)?__DATA_REGION_LENGTH__:0xfe00
                [0x00002000]                __EEPROM_REGION_LENGTH__ = DEFINED (__EEPROM_REGION_LENGTH__)?__EEPROM_REGION_LENGTH__:0x10000
                [0x00000003]                __FUSE_REGION_LENGTH__ = DEFINED (__FUSE_REGION_LENGTH__)?__FUSE_REGION_LENGTH__:0x400
                0x00000400                __LOCK_REGION_LENGTH__ = DEFINED (__LOCK_REGION_LENGTH__)?__LOCK_REGION_LENGTH__:0x400
                0x00000400                __SIGNATURE_REGION_LENGTH__ = DEFINED (__SIGNATURE_REGION_LENGTH__)?__SIGNATURE_REGION_LENGTH__:0x400
                0x00000400                __USER_SIGNATURE_REGION_LENGTH__ = DEFINED (__USER_SIGNATURE_REGION_LENGTH__)?__USER_SIGNATURE_REGION_LENGTH__:0x400

.hash
 *(.hash)

.dynsym
 *(.dynsym)

.dynstr
 *(.dynstr)

.gnu.version
 *(.gnu.version)

.gnu.version_d
 *(.gnu.version_d)

.gnu.version_r
 *(.gnu.version_r)

.rel.init
 *(.rel.init)

.rela.init
 *(.rela.init)

.rel.text
 *(.rel.text)
 *(.rel.text.*)
 *(.rel.gnu.linkonce.t*)

.rela.text
 *(.rela.text)
 *(.rela.text.*)
 *(.rela.gnu.linkonce.t*)

.rel.fini
 *(.rel.fini)

.rela.fini
 *(.rela.fini)

.rel.rodata
 *(.rel.rodata)
 *(.rel.rodata.*)
 *(.rel.gnu.linkonce.r*)

.rela.rodata
 *(.rela.rodata)
 *(.rela.rodata.*)
 *(.rela.gnu.linkonce.r*)

.rel.data
 *(.rel.data)
 *(.rel.data.*)
 *(.rel.gnu.linkonce.d*)

.rela.data
 *(.rela.data)
 *(.rela.data.*)
 *(.rela.gnu.linkonce.d*)

.rel.ctors
 *(.rel.ctors)

.rela.ctors
 *(.rela.ctors)

.rel.dtors
 *(.rel.dtors)

.rela.dtors
 *(.rela.dtors)

.rel.got
 *(.rel.got)

.rela.got
 *(.rela.got)

.rel.bss
 *(.rel.bss)

.rela.bss
 *(.rela.bss)

.rel.plt
 *(.rel.plt)

.rela.plt
 *(.rela.plt)

.text           0x00000000     0x3bb6
 *(.vectors)
 .vectors       0x00000000      0x134 C:/Program Files (x86)/Atmel/Studio/7.0/Packs/atmel/ATmega_DFP/1.6.364/gcc/dev/atmega256rfr2/avr6/crtatmega256rfr2.o
                0x00000000                __vector_default
                0x00000000                __vectors
 *(.vectors)
 *(.progmem.gcc*)
 .progmem.gcc_sw_table.set_trx_state
                0x00000134       0x2e src/ASF/thirdparty/wireless/avr2025_mac/source/tal/atmegarfr2/src/tal.o
 .progmem.gcc_fplib
                0x00000162       0x28 c:/program files (x86)/atmel/studio/7.0/toolchain/avr8/avr8-gnu-toolchain/bin/../lib/gcc/avr/5.4.0/../../../../avr/lib/avr6\libm.a(exp.o)
 .progmem.gcc_fplib
                0x0000018a       0x5a c:/program files (x86)/atmel/studio/7.0/toolchain/avr8/avr8-gnu-toolchain/bin/../lib/gcc/avr/5.4.0/../../../../avr/lib/avr6\libm.a(log.o)
                0x000001e4                . = ALIGN (0x2)
                0x000001e4                __trampolines_start = .
 *(.trampolines)
 .trampolines   0x000001e4        0x0 linker stubs
 *(.trampolines*)
                0x000001e4                __trampolines_end = .
 *libprintf_flt.a:*(.progmem.data)
 *libc.a:*(.progmem.data)
 *(.progmem*)
 .progmem.data.tx_pwr_table
                0x000001e4       0x10 src/ASF/thirdparty/wireless/avr2025_mac/source/tal/atmegarfr2/src/tal_pib.o
                0x000001e4                tx_pwr_table
                0x000001f4                . = ALIGN (0x2)
 *(.jumptables)
 *(.jumptables*)
 *(.lowtext)
 *(.lowtext*)
                0x000001f4                __ctors_start = .
 *(.ctors)
                0x000001f4                __ctors_end = .
                0x000001f4                __dtors_start = .
 *(.dtors)
                0x000001f4                __dtors_end = .
 SORT(*)(.ctors)
 SORT(*)(.dtors)
 *(.init0)
 .init0         0x000001f4        0x0 C:/Program Files (x86)/Atmel/Studio/7.0/Packs/atmel/ATmega_DFP/1.6.364/gcc/dev/atmega256rfr2/avr6/crtatmega256rfr2.o
                0x000001f4                __init
 *(.init0)
 *(.init1)
 *(.init1)
 *(.init2)
 .init2         0x000001f4       0x10 C:/Program Files (x86)/Atmel/Studio/7.0/Packs/atmel/ATmega_DFP/1.6.364/gcc/dev/atmega256rfr2/avr6/crtatmega256rfr2.o
 *(.init2)
 *(.init3)
 *(.init3)
 *(.init4)
 .init4         0x00000204       0x1a c:/program files (x86)/atmel/studio/7.0/toolchain/avr8/avr8-gnu-toolchain/bin/../lib/gcc/avr/5.4.0/avr6\libgcc.a(_copy_data.o)
                0x00000204                __do_copy_data
 .init4         0x0000021e       0x10 c:/program files (x86)/atmel/studio/7.0/toolchain/avr8/avr8-gnu-toolchain/bin/../lib/gcc/avr/5.4.0/avr6\libgcc.a(_clear_bss.o)
                0x0000021e                __do_clear_bss
 *(.init4)
 *(.init5)
 *(.init5)
 *(.init6)
 *(.init6)
 *(.init7)
 *(.init7)
 *(.init8)
 *(.init8)
 *(.init9)
 .init9         0x0000022e        0x8 C:/Program Files (x86)/Atmel/Studio/7.0/Packs/atmel/ATmega_DFP/1.6.364/gcc/dev/atmega256rfr2/avr6/crtatmega256rfr2.o
 *(.init9)
 *(.text)
 .text          0x00000236        0x2 C:/Program Files (x86)/Atmel/Studio/7.0/Packs/atmel/ATmega_DFP/1.6.364/gcc/dev/atmega256rfr2/avr6/crtatmega256rfr2.o
                0x00000236                __vector_38
                0x00000236                __vector_22
                0x00000236                __vector_28
                0x00000236                __vector_67
                0x00000236                __vector_1
                0x00000236                __vector_24
                0x00000236                __vector_12
                0x00000236                __vector_55
                0x00000236                __vector_69
                0x00000236                __vector_46
                0x00000236                __bad_interrupt
                0x00000236                __vector_6
                0x00000236                __vector_31
                0x00000236                __vector_39
                0x00000236                __vector_3
                0x00000236                __vector_23
                0x00000236                __vector_68
                0x00000236                __vector_30
                0x00000236                __vector_25
                0x00000236                __vector_11
                0x00000236                __vector_54
                0x00000236                __vector_13
                0x00000236                __vector_56
                0x00000236                __vector_7
                0x00000236                __vector_41
                0x00000236                __vector_27
                0x00000236                __vector_5
                0x00000236                __vector_52
                0x00000236                __vector_37
                0x00000236                __vector_4
                0x00000236                __vector_51
                0x00000236                __vector_9
                0x00000236                __vector_2
                0x00000236                __vector_21
                0x00000236                __vector_15
                0x00000236                __vector_66
                0x00000236                __vector_36
                0x00000236                __vector_29
                0x00000236                __vector_40
                0x00000236                __vector_8
                0x00000236                __vector_26
                0x00000236                __vector_14
                0x00000236                __vector_53
                0x00000236                __vector_10
                0x00000236                __vector_16
                0x00000236                __vector_65
 .text          0x00000238      0x216 ../src/ASF/thirdparty/wireless/services/common_hw_timer/mega/lib\libmegarfr2_lib_hw_timer.a(common_hw_timer.o)
                0x00000238                common_tc_read_count
                0x00000288                common_tc_compare_stop
                0x000002ac                common_tc_overflow_stop
                0x000002b6                common_tc_stop
                0x000002be                common_tc_delay
                0x000003a8                common_tc_init
                0x000003b6                tmr_ovf_callback
                0x00000426                tmr_cca_callback
                0x0000043a                set_common_tc_overflow_callback
                0x00000444                set_common_tc_expiry_callback
                0x0000044e                . = ALIGN (0x2)
 *(.text.*)
 .text.usr_app_timer_cb
                0x0000044e        0xe src/usr_periodic_timer.o
                0x0000044e                usr_app_timer_cb
 .text.__portable_avr_delay_cycles
                0x0000045c       0x16 src/usr_wireless.o
 .text.usr_frame_received_cb
                0x00000472      0x1b4 src/usr_wireless.o
                0x00000472                usr_frame_received_cb
 .text.usr_frame_transmitted_cb
                0x00000626        0x2 src/usr_wireless.o
                0x00000626                usr_frame_transmitted_cb
 .text.reverse  0x00000628       0x2e src/usr_wireless.o
                0x00000628                reverse
 .text.intToStr
                0x00000656       0x82 src/usr_wireless.o
                0x00000656                intToStr
 .text.ftoa     0x000006d8       0xce src/usr_wireless.o
                0x000006d8                ftoa
 .text.get_bat_sensor_data
                0x000007a6       0x1c src/usr_wireless.o
                0x000007a6                get_bat_sensor_data
 .text.usr_wireless_app_task
                0x000007c2      0x240 src/usr_wireless.o
                0x000007c2                usr_wireless_app_task
 .text.start_timer1
                0x00000a02       0x3a src/Wireless/periodic_timer.o
                0x00000a02                start_timer1
 .text.app_timer_cb
                0x00000a3c        0x6 src/Wireless/periodic_timer.o
                0x00000a3c                app_timer_cb
 .text.stop_timer1
                0x00000a42        0x8 src/Wireless/periodic_timer.o
                0x00000a42                stop_timer1
 .text.transmit_frame
                0x00000a4a      0x144 src/Wireless/wireless_api.o
                0x00000a4a                transmit_frame
 .text.transmit_sample_frame
                0x00000b8e       0x6a src/Wireless/wireless_api.o
                0x00000b8e                transmit_sample_frame
 .text.init_data_reception
                0x00000bf8        0x8 src/Wireless/wireless_api.o
                0x00000bf8                init_data_reception
 .text.wireless_init
                0x00000c00       0x78 src/Wireless/wireless_api.o
                0x00000c00                wireless_init
 .text.board_init
                0x00000c78       0x18 src/ASF/common/boards/user_board/init.o
                0x00000c78                board_init
 .text.modules_init
                0x00000c90        0x2 src/ASF/common/boards/user_board/init.o
                0x00000c90                modules_init
 .text.sysclk_init
                0x00000c92       0x36 src/ASF/common/services/clock/mega/sysclk.o
                0x00000c92                sysclk_init
 .text.sysclk_enable_module
                0x00000cc8       0x30 src/ASF/common/services/clock/mega/sysclk.o
                0x00000cc8                sysclk_enable_module
 .text.sysclk_disable_module
                0x00000cf8       0x2e src/ASF/common/services/clock/mega/sysclk.o
                0x00000cf8                sysclk_disable_module
 .text.hw_expiry_cb
                0x00000d26       0x10 src/ASF/thirdparty/wireless/avr2025_mac/source/pal/common_sw_timer/common_sw_timer.o
                0x00000d26                hw_expiry_cb
 .text.hw_overflow_cb
                0x00000d36       0xb4 src/ASF/thirdparty/wireless/avr2025_mac/source/pal/common_sw_timer/common_sw_timer.o
                0x00000d36                hw_overflow_cb
 .text.load_hw_timer
                0x00000dea       0xdc src/ASF/thirdparty/wireless/avr2025_mac/source/pal/common_sw_timer/common_sw_timer.o
 .text.internal_timer_handler
                0x00000ec6       0xba src/ASF/thirdparty/wireless/avr2025_mac/source/pal/common_sw_timer/common_sw_timer.o
 .text.sw_timer_start
                0x00000f80      0x2d4 src/ASF/thirdparty/wireless/avr2025_mac/source/pal/common_sw_timer/common_sw_timer.o
                0x00000f80                sw_timer_start
 .text.sw_timer_stop
                0x00001254      0x208 src/ASF/thirdparty/wireless/avr2025_mac/source/pal/common_sw_timer/common_sw_timer.o
                0x00001254                sw_timer_stop
 .text.sw_timer_init
                0x0000145c       0x4e src/ASF/thirdparty/wireless/avr2025_mac/source/pal/common_sw_timer/common_sw_timer.o
                0x0000145c                sw_timer_init
 .text.sw_timer_service
                0x000014aa       0xa6 src/ASF/thirdparty/wireless/avr2025_mac/source/pal/common_sw_timer/common_sw_timer.o
                0x000014aa                sw_timer_service
 .text.pal_init
                0x00001550        0x4 src/ASF/thirdparty/wireless/avr2025_mac/source/pal/pal.o
                0x00001550                pal_init
 .text.pal_task
                0x00001554        0x4 src/ASF/thirdparty/wireless/avr2025_mac/source/pal/pal.o
                0x00001554                pal_task
 .text.bmm_buffer_init
                0x00001558       0x48 src/ASF/thirdparty/wireless/avr2025_mac/source/resources/buffer/src/bmm.o
                0x00001558                bmm_buffer_init
 .text.bmm_buffer_alloc
                0x000015a0        0xc src/ASF/thirdparty/wireless/avr2025_mac/source/resources/buffer/src/bmm.o
                0x000015a0                bmm_buffer_alloc
 .text.bmm_buffer_free
                0x000015ac        0xe src/ASF/thirdparty/wireless/avr2025_mac/source/resources/buffer/src/bmm.o
                0x000015ac                bmm_buffer_free
 .text.queue_read_or_remove
                0x000015ba      0x108 src/ASF/thirdparty/wireless/avr2025_mac/source/resources/queue/src/qmm.o
 .text.qmm_queue_init
                0x000016c2        0xe src/ASF/thirdparty/wireless/avr2025_mac/source/resources/queue/src/qmm.o
                0x000016c2                qmm_queue_init
 .text.qmm_queue_append
                0x000016d0       0x4a src/ASF/thirdparty/wireless/avr2025_mac/source/resources/queue/src/qmm.o
                0x000016d0                qmm_queue_append
 .text.qmm_queue_remove
                0x0000171a        0x8 src/ASF/thirdparty/wireless/avr2025_mac/source/resources/queue/src/qmm.o
                0x0000171a                qmm_queue_remove
 .text.__portable_avr_delay_cycles
                0x00001722       0x16 src/ASF/thirdparty/wireless/avr2025_mac/source/tal/atmegarfr2/src/tal.o
 .text.switch_pll_on
                0x00001738       0x40 src/ASF/thirdparty/wireless/avr2025_mac/source/tal/atmegarfr2/src/tal.o
 .text.set_trx_state
                0x00001778      0x296 src/ASF/thirdparty/wireless/avr2025_mac/source/tal/atmegarfr2/src/tal.o
                0x00001778                set_trx_state
 .text.tal_task
                0x00001a0e       0x7a src/ASF/thirdparty/wireless/avr2025_mac/source/tal/atmegarfr2/src/tal.o
                0x00001a0e                tal_task
 .text.__portable_avr_delay_cycles
                0x00001a88       0x16 src/ASF/thirdparty/wireless/avr2025_mac/source/tal/atmegarfr2/src/tal_init.o
 .text.tal_generate_rand_seed
                0x00001a9e       0x86 src/ASF/thirdparty/wireless/avr2025_mac/source/tal/atmegarfr2/src/tal_init.o
                0x00001a9e                tal_generate_rand_seed
 .text.internal_tal_reset
                0x00001b24       0xe2 src/ASF/thirdparty/wireless/avr2025_mac/source/tal/atmegarfr2/src/tal_init.o
 .text.tal_init
                0x00001c06      0x146 src/ASF/thirdparty/wireless/avr2025_mac/source/tal/atmegarfr2/src/tal_init.o
                0x00001c06                tal_init
 .text.pal_trx_irq_init_tx_end
                0x00001d4c        0xa src/ASF/thirdparty/wireless/avr2025_mac/source/tal/atmegarfr2/src/tal_irq_handler.o
                0x00001d4c                pal_trx_irq_init_tx_end
 .text.pal_trx_irq_init_rx_end
                0x00001d56        0xa src/ASF/thirdparty/wireless/avr2025_mac/source/tal/atmegarfr2/src/tal_irq_handler.o
                0x00001d56                pal_trx_irq_init_rx_end
 .text.pal_trx_irq_init_awake
                0x00001d60        0xa src/ASF/thirdparty/wireless/avr2025_mac/source/tal/atmegarfr2/src/tal_irq_handler.o
                0x00001d60                pal_trx_irq_init_awake
 .text.__vector_63
                0x00001d6a       0x56 src/ASF/thirdparty/wireless/avr2025_mac/source/tal/atmegarfr2/src/tal_irq_handler.o
                0x00001d6a                __vector_63
 .text.__vector_60
                0x00001dc0       0x56 src/ASF/thirdparty/wireless/avr2025_mac/source/tal/atmegarfr2/src/tal_irq_handler.o
                0x00001dc0                __vector_60
 .text.__vector_61
                0x00001e16       0x56 src/ASF/thirdparty/wireless/avr2025_mac/source/tal/atmegarfr2/src/tal_irq_handler.o
                0x00001e16                __vector_61
 .text.__vector_64
                0x00001e6c       0x56 src/ASF/thirdparty/wireless/avr2025_mac/source/tal/atmegarfr2/src/tal_irq_handler.o
                0x00001e6c                __vector_64
 .text.__vector_59
                0x00001ec2       0x14 src/ASF/thirdparty/wireless/avr2025_mac/source/tal/atmegarfr2/src/tal_irq_handler.o
                0x00001ec2                __vector_59
 .text.__vector_57
                0x00001ed6       0x14 src/ASF/thirdparty/wireless/avr2025_mac/source/tal/atmegarfr2/src/tal_irq_handler.o
                0x00001ed6                __vector_57
 .text.__vector_58
                0x00001eea       0x14 src/ASF/thirdparty/wireless/avr2025_mac/source/tal/atmegarfr2/src/tal_irq_handler.o
                0x00001eea                __vector_58
 .text.__vector_62
                0x00001efe       0x14 src/ASF/thirdparty/wireless/avr2025_mac/source/tal/atmegarfr2/src/tal_irq_handler.o
                0x00001efe                __vector_62
 .text.__vector_71
                0x00001f12       0x14 src/ASF/thirdparty/wireless/avr2025_mac/source/tal/atmegarfr2/src/tal_irq_handler.o
                0x00001f12                __vector_71
 .text.__vector_70
                0x00001f26       0x14 src/ASF/thirdparty/wireless/avr2025_mac/source/tal/atmegarfr2/src/tal_irq_handler.o
                0x00001f26                __vector_70
 .text.__vector_72
                0x00001f3a       0x14 src/ASF/thirdparty/wireless/avr2025_mac/source/tal/atmegarfr2/src/tal_irq_handler.o
                0x00001f3a                __vector_72
 .text.__vector_73
                0x00001f4e       0x14 src/ASF/thirdparty/wireless/avr2025_mac/source/tal/atmegarfr2/src/tal_irq_handler.o
                0x00001f4e                __vector_73
 .text.__vector_74
                0x00001f62       0x14 src/ASF/thirdparty/wireless/avr2025_mac/source/tal/atmegarfr2/src/tal_irq_handler.o
                0x00001f62                __vector_74
 .text.__vector_75
                0x00001f76       0x14 src/ASF/thirdparty/wireless/avr2025_mac/source/tal/atmegarfr2/src/tal_irq_handler.o
                0x00001f76                __vector_75
 .text.__vector_76
                0x00001f8a       0x14 src/ASF/thirdparty/wireless/avr2025_mac/source/tal/atmegarfr2/src/tal_irq_handler.o
                0x00001f8a                __vector_76
 .text.trx_rx_end_handler_cb
                0x00001f9e       0x22 src/ASF/thirdparty/wireless/avr2025_mac/source/tal/atmegarfr2/src/tal_irq_handler.o
                0x00001f9e                trx_rx_end_handler_cb
 .text.trx_tx_end_handler_cb
                0x00001fc0       0x22 src/ASF/thirdparty/wireless/avr2025_mac/source/tal/atmegarfr2/src/tal_irq_handler.o
                0x00001fc0                trx_tx_end_handler_cb
 .text.trx_awake_handler_cb
                0x00001fe2        0x8 src/ASF/thirdparty/wireless/avr2025_mac/source/tal/atmegarfr2/src/tal_irq_handler.o
                0x00001fe2                trx_awake_handler_cb
 .text.limit_tx_pwr
                0x00001fea       0x60 src/ASF/thirdparty/wireless/avr2025_mac/source/tal/atmegarfr2/src/tal_pib.o
 .text.init_tal_pib
                0x0000204a       0x5a src/ASF/thirdparty/wireless/avr2025_mac/source/tal/atmegarfr2/src/tal_pib.o
                0x0000204a                init_tal_pib
 .text.convert_phyTransmitPower_to_reg_value
                0x000020a4       0x42 src/ASF/thirdparty/wireless/avr2025_mac/source/tal/atmegarfr2/src/tal_pib.o
                0x000020a4                convert_phyTransmitPower_to_reg_value
 .text.write_all_tal_pib_to_trx
                0x000020e6       0xb6 src/ASF/thirdparty/wireless/avr2025_mac/source/tal/atmegarfr2/src/tal_pib.o
                0x000020e6                write_all_tal_pib_to_trx
 .text.tal_pib_set
                0x0000219c      0x234 src/ASF/thirdparty/wireless/avr2025_mac/source/tal/atmegarfr2/src/tal_pib.o
                0x0000219c                tal_pib_set
 .text.__portable_avr_delay_cycles
                0x000023d0       0x16 src/ASF/thirdparty/wireless/avr2025_mac/source/tal/atmegarfr2/src/tal_rx.o
 .text.handle_received_frame_irq
                0x000023e6       0xdc src/ASF/thirdparty/wireless/avr2025_mac/source/tal/atmegarfr2/src/tal_rx.o
                0x000023e6                handle_received_frame_irq
 .text.process_incoming_frame
                0x000024c2       0x80 src/ASF/thirdparty/wireless/avr2025_mac/source/tal/atmegarfr2/src/tal_rx.o
                0x000024c2                process_incoming_frame
 .text.tal_rx_enable
                0x00002542       0x38 src/ASF/thirdparty/wireless/avr2025_mac/source/tal/atmegarfr2/src/tal_rx_enable.o
                0x00002542                tal_rx_enable
 .text.__portable_avr_delay_cycles
                0x0000257a       0x16 src/ASF/thirdparty/wireless/avr2025_mac/source/tal/atmegarfr2/src/tal_tx.o
 .text.tx_done_handling
                0x00002590       0x44 src/ASF/thirdparty/wireless/avr2025_mac/source/tal/atmegarfr2/src/tal_tx.o
                0x00002590                tx_done_handling
 .text.send_frame
                0x000025d4      0x116 src/ASF/thirdparty/wireless/avr2025_mac/source/tal/atmegarfr2/src/tal_tx.o
                0x000025d4                send_frame
 .text.tal_tx_frame
                0x000026ea       0x3e src/ASF/thirdparty/wireless/avr2025_mac/source/tal/atmegarfr2/src/tal_tx.o
                0x000026ea                tal_tx_frame
 .text.handle_tx_end_irq
                0x00002728       0x3a src/ASF/thirdparty/wireless/avr2025_mac/source/tal/atmegarfr2/src/tal_tx.o
                0x00002728                handle_tx_end_irq
 .text.tal_ant_div_config
                0x00002762       0xf2 src/ASF/thirdparty/wireless/avr2025_mac/source/tal/src/tal_helper.o
                0x00002762                tal_ant_div_config
 .text.__portable_avr_delay_cycles
                0x00002854       0x16 src/ASF/thirdparty/wireless/avr2025_mac/source/tfa/atmegarfr2/src/tfa.o
 .text.tfa_pib_set
                0x0000286a       0x52 src/ASF/thirdparty/wireless/avr2025_mac/source/tfa/atmegarfr2/src/tfa.o
                0x0000286a                tfa_pib_set
 .text.tfa_init
                0x000028bc       0x22 src/ASF/thirdparty/wireless/avr2025_mac/source/tfa/atmegarfr2/src/tfa.o
                0x000028bc                tfa_init
 .text.tfa_get_batmon_voltage
                0x000028de      0x11e src/ASF/thirdparty/wireless/avr2025_mac/source/tfa/atmegarfr2/src/tfa.o
                0x000028de                tfa_get_batmon_voltage
 .text.tc_ovf_callback
                0x000029fc        0x6 src/ASF/thirdparty/wireless/services/common_hw_timer/mega/hw_timer.o
                0x000029fc                tc_ovf_callback
 .text.tc_cca_callback
                0x00002a02        0x6 src/ASF/thirdparty/wireless/services/common_hw_timer/mega/hw_timer.o
                0x00002a02                tc_cca_callback
 .text.tmr_read_count
                0x00002a08        0xa src/ASF/thirdparty/wireless/services/common_hw_timer/mega/hw_timer.o
                0x00002a08                tmr_read_count
 .text.tmr_disable_cc_interrupt
                0x00002a12        0xe src/ASF/thirdparty/wireless/services/common_hw_timer/mega/hw_timer.o
                0x00002a12                tmr_disable_cc_interrupt
 .text.tmr_enable_cc_interrupt
                0x00002a20        0xe src/ASF/thirdparty/wireless/services/common_hw_timer/mega/hw_timer.o
                0x00002a20                tmr_enable_cc_interrupt
 .text.tmr_disable_ovf_interrupt
                0x00002a2e        0xe src/ASF/thirdparty/wireless/services/common_hw_timer/mega/hw_timer.o
                0x00002a2e                tmr_disable_ovf_interrupt
 .text.tmr_stop
                0x00002a3c        0x8 src/ASF/thirdparty/wireless/services/common_hw_timer/mega/hw_timer.o
                0x00002a3c                tmr_stop
 .text.tmr_write_cmpreg
                0x00002a44       0x16 src/ASF/thirdparty/wireless/services/common_hw_timer/mega/hw_timer.o
                0x00002a44                tmr_write_cmpreg
 .text.save_cpu_interrupt
                0x00002a5a       0x1a src/ASF/thirdparty/wireless/services/common_hw_timer/mega/hw_timer.o
                0x00002a5a                save_cpu_interrupt
 .text.restore_cpu_interrupt
                0x00002a74        0x4 src/ASF/thirdparty/wireless/services/common_hw_timer/mega/hw_timer.o
                0x00002a74                restore_cpu_interrupt
 .text.tmr_init
                0x00002a78       0x40 src/ASF/thirdparty/wireless/services/common_hw_timer/mega/hw_timer.o
                0x00002a78                tmr_init
 .text.__vector_20
                0x00002ab8       0x5a src/ASF/thirdparty/wireless/services/mega/drivers/tc/tc_megarf.o
                0x00002ab8                __vector_20
 .text.__vector_17
                0x00002b12       0x5a src/ASF/thirdparty/wireless/services/mega/drivers/tc/tc_megarf.o
                0x00002b12                __vector_17
 .text.__vector_18
                0x00002b6c       0x5a src/ASF/thirdparty/wireless/services/mega/drivers/tc/tc_megarf.o
                0x00002b6c                __vector_18
 .text.__vector_19
                0x00002bc6       0x5a src/ASF/thirdparty/wireless/services/mega/drivers/tc/tc_megarf.o
                0x00002bc6                __vector_19
 .text.__vector_35
                0x00002c20       0x5a src/ASF/thirdparty/wireless/services/mega/drivers/tc/tc_megarf.o
                0x00002c20                __vector_35
 .text.__vector_32
                0x00002c7a       0x5a src/ASF/thirdparty/wireless/services/mega/drivers/tc/tc_megarf.o
                0x00002c7a                __vector_32
 .text.__vector_33
                0x00002cd4       0x5a src/ASF/thirdparty/wireless/services/mega/drivers/tc/tc_megarf.o
                0x00002cd4                __vector_33
 .text.__vector_34
                0x00002d2e       0x5a src/ASF/thirdparty/wireless/services/mega/drivers/tc/tc_megarf.o
                0x00002d2e                __vector_34
 .text.__vector_45
                0x00002d88       0x5a src/ASF/thirdparty/wireless/services/mega/drivers/tc/tc_megarf.o
                0x00002d88                __vector_45
 .text.__vector_42
                0x00002de2       0x5a src/ASF/thirdparty/wireless/services/mega/drivers/tc/tc_megarf.o
                0x00002de2                __vector_42
 .text.__vector_43
                0x00002e3c       0x5a src/ASF/thirdparty/wireless/services/mega/drivers/tc/tc_megarf.o
                0x00002e3c                __vector_43
 .text.__vector_44
                0x00002e96       0x5a src/ASF/thirdparty/wireless/services/mega/drivers/tc/tc_megarf.o
                0x00002e96                __vector_44
 .text.__vector_50
                0x00002ef0       0x5a src/ASF/thirdparty/wireless/services/mega/drivers/tc/tc_megarf.o
                0x00002ef0                __vector_50
 .text.__vector_47
                0x00002f4a       0x5a src/ASF/thirdparty/wireless/services/mega/drivers/tc/tc_megarf.o
                0x00002f4a                __vector_47
 .text.__vector_48
                0x00002fa4       0x5a src/ASF/thirdparty/wireless/services/mega/drivers/tc/tc_megarf.o
                0x00002fa4                __vector_48
 .text.__vector_49
                0x00002ffe       0x5a src/ASF/thirdparty/wireless/services/mega/drivers/tc/tc_megarf.o
                0x00002ffe                __vector_49
 .text.tc_enable
                0x00003058       0xee src/ASF/thirdparty/wireless/services/mega/drivers/tc/tc_megarf.o
                0x00003058                tc_enable
 .text.tc_disable
                0x00003146       0xee src/ASF/thirdparty/wireless/services/mega/drivers/tc/tc_megarf.o
                0x00003146                tc_disable
 .text.tc_set_overflow_interrupt_callback
                0x00003234       0x40 src/ASF/thirdparty/wireless/services/mega/drivers/tc/tc_megarf.o
                0x00003234                tc_set_overflow_interrupt_callback
 .text.tc_set_compa_interrupt_callback
                0x00003274       0x40 src/ASF/thirdparty/wireless/services/mega/drivers/tc/tc_megarf.o
                0x00003274                tc_set_compa_interrupt_callback
 .text.main     0x000032b4       0x16 src/main.o
                0x000032b4                main
 .text.tal_tx_frame_done_cb
                0x000032ca        0x6 src/main.o
                0x000032ca                tal_tx_frame_done_cb
 .text.tal_rx_frame_cb
                0x000032d0       0x18 src/main.o
                0x000032d0                tal_rx_frame_cb
 .text.avr-libc.fplib
                0x000032e8        0xa c:/program files (x86)/atmel/studio/7.0/toolchain/avr8/avr8-gnu-toolchain/bin/../lib/gcc/avr/5.4.0/../../../../avr/lib/avr6\libm.a(addsf3.o)
                0x000032e8                __subsf3
                0x000032ea                __addsf3
 .text.avr-libc.fplib
                0x000032f2       0xc0 c:/program files (x86)/atmel/studio/7.0/toolchain/avr8/avr8-gnu-toolchain/bin/../lib/gcc/avr/5.4.0/../../../../avr/lib/avr6\libm.a(addsf3x.o)
                0x0000330c                __addsf3x
 .text.avr-libc.fplib
                0x000033b2        0xa c:/program files (x86)/atmel/studio/7.0/toolchain/avr8/avr8-gnu-toolchain/bin/../lib/gcc/avr/5.4.0/../../../../avr/lib/avr6\libm.a(fixsfsi.o)
                0x000033b2                __fixsfsi
 .text.avr-libc.fplib
                0x000033bc       0x58 c:/program files (x86)/atmel/studio/7.0/toolchain/avr8/avr8-gnu-toolchain/bin/../lib/gcc/avr/5.4.0/../../../../avr/lib/avr6\libm.a(fixunssfsi.o)
                0x000033bc                __fixunssfsi
 .text.avr-libc.fplib
                0x00003414       0x7a c:/program files (x86)/atmel/studio/7.0/toolchain/avr8/avr8-gnu-toolchain/bin/../lib/gcc/avr/5.4.0/../../../../avr/lib/avr6\libm.a(floatsisf.o)
                0x00003414                __floatunsisf
                0x00003418                __floatsisf
 .text.avr-libc.fplib
                0x0000348e        0xc c:/program files (x86)/atmel/studio/7.0/toolchain/avr8/avr8-gnu-toolchain/bin/../lib/gcc/avr/5.4.0/../../../../avr/lib/avr6\libm.a(fp_inf.o)
                0x0000348e                __fp_inf
 .text.avr-libc.fplib
                0x0000349a        0x6 c:/program files (x86)/atmel/studio/7.0/toolchain/avr8/avr8-gnu-toolchain/bin/../lib/gcc/avr/5.4.0/../../../../avr/lib/avr6\libm.a(fp_nan.o)
                0x0000349a                __fp_nan
 .text.avr-libc.fplib
                0x000034a0        0xe c:/program files (x86)/atmel/studio/7.0/toolchain/avr8/avr8-gnu-toolchain/bin/../lib/gcc/avr/5.4.0/../../../../avr/lib/avr6\libm.a(fp_pscA.o)
                0x000034a0                __fp_pscA
 .text.avr-libc.fplib
                0x000034ae        0xe c:/program files (x86)/atmel/studio/7.0/toolchain/avr8/avr8-gnu-toolchain/bin/../lib/gcc/avr/5.4.0/../../../../avr/lib/avr6\libm.a(fp_pscB.o)
                0x000034ae                __fp_pscB
 .text.avr-libc.fplib
                0x000034bc       0x22 c:/program files (x86)/atmel/studio/7.0/toolchain/avr8/avr8-gnu-toolchain/bin/../lib/gcc/avr/5.4.0/../../../../avr/lib/avr6\libm.a(fp_round.o)
                0x000034bc                __fp_round
 .text.avr-libc.fplib
                0x000034de       0x44 c:/program files (x86)/atmel/studio/7.0/toolchain/avr8/avr8-gnu-toolchain/bin/../lib/gcc/avr/5.4.0/../../../../avr/lib/avr6\libm.a(fp_split3.o)
                0x000034de                __fp_split3
                0x000034ee                __fp_splitA
 .text.avr-libc.fplib
                0x00003522        0xe c:/program files (x86)/atmel/studio/7.0/toolchain/avr8/avr8-gnu-toolchain/bin/../lib/gcc/avr/5.4.0/../../../../avr/lib/avr6\libm.a(fp_zero.o)
                0x00003522                __fp_zero
                0x00003524                __fp_szero
 .text.avr-libc.fplib
                0x00003530        0x4 c:/program files (x86)/atmel/studio/7.0/toolchain/avr8/avr8-gnu-toolchain/bin/../lib/gcc/avr/5.4.0/../../../../avr/lib/avr6\libm.a(mulsf3.o)
                0x00003530                __mulsf3
 .text.avr-libc.fplib
                0x00003534       0xc2 c:/program files (x86)/atmel/studio/7.0/toolchain/avr8/avr8-gnu-toolchain/bin/../lib/gcc/avr/5.4.0/../../../../avr/lib/avr6\libm.a(mulsf3x.o)
                0x00003548                __mulsf3x
                0x0000354c                __mulsf3_pse
 .text.avr-libc.fplib
                0x000035f6       0x98 c:/program files (x86)/atmel/studio/7.0/toolchain/avr8/avr8-gnu-toolchain/bin/../lib/gcc/avr/5.4.0/../../../../avr/lib/avr6\libm.a(pow.o)
                0x000035f6                pow
 .text.avr-libc.fplib
                0x0000368e       0x62 c:/program files (x86)/atmel/studio/7.0/toolchain/avr8/avr8-gnu-toolchain/bin/../lib/gcc/avr/5.4.0/../../../../avr/lib/avr6\libm.a(exp.o)
                0x00003698                exp
 .text.avr-libc.fplib
                0x000036f0       0x4a c:/program files (x86)/atmel/studio/7.0/toolchain/avr8/avr8-gnu-toolchain/bin/../lib/gcc/avr/5.4.0/../../../../avr/lib/avr6\libm.a(fp_powser.o)
                0x000036f0                __fp_powser
 .text.avr-libc.fplib
                0x0000373a        0xe c:/program files (x86)/atmel/studio/7.0/toolchain/avr8/avr8-gnu-toolchain/bin/../lib/gcc/avr/5.4.0/../../../../avr/lib/avr6\libm.a(inverse.o)
                0x0000373a                inverse
 .text.avr-libc.fplib
                0x00003748       0x6c c:/program files (x86)/atmel/studio/7.0/toolchain/avr8/avr8-gnu-toolchain/bin/../lib/gcc/avr/5.4.0/../../../../avr/lib/avr6\libm.a(ldexp.o)
                0x0000374c                ldexp
 .text.avr-libc.fplib
                0x000037b4       0x8a c:/program files (x86)/atmel/studio/7.0/toolchain/avr8/avr8-gnu-toolchain/bin/../lib/gcc/avr/5.4.0/../../../../avr/lib/avr6\libm.a(log.o)
                0x000037be                log
 .text.avr-libc.fplib
                0x0000383e       0x66 c:/program files (x86)/atmel/studio/7.0/toolchain/avr8/avr8-gnu-toolchain/bin/../lib/gcc/avr/5.4.0/../../../../avr/lib/avr6\libm.a(modf.o)
                0x0000383e                modf
                0x0000383e                modff
 .text.avr-libc.fplib
                0x000038a4        0x4 c:/program files (x86)/atmel/studio/7.0/toolchain/avr8/avr8-gnu-toolchain/bin/../lib/gcc/avr/5.4.0/../../../../avr/lib/avr6\libm.a(divsf3.o)
                0x000038a4                __divsf3
 .text.avr-libc.fplib
                0x000038a8       0xcc c:/program files (x86)/atmel/studio/7.0/toolchain/avr8/avr8-gnu-toolchain/bin/../lib/gcc/avr/5.4.0/../../../../avr/lib/avr6\libm.a(divsf3x.o)
                0x000038be                __divsf3x
                0x000038c2                __divsf3_pse
 .text.avr-libc.fplib
                0x00003974       0x1c c:/program files (x86)/atmel/studio/7.0/toolchain/avr8/avr8-gnu-toolchain/bin/../lib/gcc/avr/5.4.0/../../../../avr/lib/avr6\libm.a(fp_mpack.o)
                0x00003974                __fp_mpack
                0x00003978                __fp_mpack_finite
 .text.libgcc.mul
                0x00003990       0x1e c:/program files (x86)/atmel/studio/7.0/toolchain/avr8/avr8-gnu-toolchain/bin/../lib/gcc/avr/5.4.0/avr6\libgcc.a(_mulsi3.o)
                0x00003990                __mulsi3
 .text.libgcc.div
                0x000039ae       0x28 c:/program files (x86)/atmel/studio/7.0/toolchain/avr8/avr8-gnu-toolchain/bin/../lib/gcc/avr/5.4.0/avr6\libgcc.a(_udivmodhi4.o)
                0x000039ae                __udivmodhi4
 .text.libgcc.div
                0x000039d6       0x26 c:/program files (x86)/atmel/studio/7.0/toolchain/avr8/avr8-gnu-toolchain/bin/../lib/gcc/avr/5.4.0/avr6\libgcc.a(_divmodhi4.o)
                0x000039d6                _div
                0x000039d6                __divmodhi4
 .text.libgcc   0x000039fc       0x10 c:/program files (x86)/atmel/studio/7.0/toolchain/avr8/avr8-gnu-toolchain/bin/../lib/gcc/avr/5.4.0/avr6\libgcc.a(_tablejump2.o)
                0x000039fc                __tablejump2__
 .text.libgcc.mul
                0x00003a0c       0x1e c:/program files (x86)/atmel/studio/7.0/toolchain/avr8/avr8-gnu-toolchain/bin/../lib/gcc/avr/5.4.0/avr6\libgcc.a(_umulhisi3.o)
                0x00003a0c                __umulhisi3
 .text.libgcc.mul
                0x00003a2a       0x14 c:/program files (x86)/atmel/studio/7.0/toolchain/avr8/avr8-gnu-toolchain/bin/../lib/gcc/avr/5.4.0/avr6\libgcc.a(_muluhisi3.o)
                0x00003a2a                __muluhisi3
 .text.libgcc.mul
                0x00003a3e        0xc c:/program files (x86)/atmel/studio/7.0/toolchain/avr8/avr8-gnu-toolchain/bin/../lib/gcc/avr/5.4.0/avr6\libgcc.a(_mulshisi3.o)
                0x00003a3e                __mulshisi3
                0x00003a42                __mulohisi3
 .text.libgcc   0x00003a4a       0x18 c:/program files (x86)/atmel/studio/7.0/toolchain/avr8/avr8-gnu-toolchain/bin/../lib/gcc/avr/5.4.0/avr6\libgcc.a(_adddi3_s8.o)
                0x00003a4a                __adddi3_s8
 .text.libgcc   0x00003a62       0x18 c:/program files (x86)/atmel/studio/7.0/toolchain/avr8/avr8-gnu-toolchain/bin/../lib/gcc/avr/5.4.0/avr6\libgcc.a(_cmpdi2_s8.o)
                0x00003a62                __cmpdi2_s8
 .text.avr-libc
                0x00003a7a       0xaa c:/program files (x86)/atmel/studio/7.0/toolchain/avr8/avr8-gnu-toolchain/bin/../lib/gcc/avr/5.4.0/../../../../avr/lib/avr6\libc.a(rand.o)
                0x00003b06                rand_r
                0x00003b08                rand
                0x00003b0e                srand
 .text.avr-libc
                0x00003b24       0x12 c:/program files (x86)/atmel/studio/7.0/toolchain/avr8/avr8-gnu-toolchain/bin/../lib/gcc/avr/5.4.0/../../../../avr/lib/avr6\libc.a(memcpy.o)
                0x00003b24                memcpy
 .text.libgcc.div
                0x00003b36       0x28 c:/program files (x86)/atmel/studio/7.0/toolchain/avr8/avr8-gnu-toolchain/bin/../lib/gcc/avr/5.4.0/avr6\libgcc.a(_divmodsi4.o)
                0x00003b36                __divmodsi4
 .text.libgcc.div
                0x00003b5e       0x10 c:/program files (x86)/atmel/studio/7.0/toolchain/avr8/avr8-gnu-toolchain/bin/../lib/gcc/avr/5.4.0/avr6\libgcc.a(_negsi2.o)
                0x00003b5e                __negsi2
 .text.libgcc.div
                0x00003b6e       0x44 c:/program files (x86)/atmel/studio/7.0/toolchain/avr8/avr8-gnu-toolchain/bin/../lib/gcc/avr/5.4.0/avr6\libgcc.a(_udivmodsi4.o)
                0x00003b6e                __udivmodsi4
                0x00003bb2                . = ALIGN (0x2)
 *(.fini9)
 .fini9         0x00003bb2        0x0 c:/program files (x86)/atmel/studio/7.0/toolchain/avr8/avr8-gnu-toolchain/bin/../lib/gcc/avr/5.4.0/avr6\libgcc.a(_exit.o)
                0x00003bb2                _exit
                0x00003bb2                exit
 *(.fini9)
 *(.fini8)
 *(.fini8)
 *(.fini7)
 *(.fini7)
 *(.fini6)
 *(.fini6)
 *(.fini5)
 *(.fini5)
 *(.fini4)
 *(.fini4)
 *(.fini3)
 *(.fini3)
 *(.fini2)
 *(.fini2)
 *(.fini1)
 *(.fini1)
 *(.fini0)
 .fini0         0x00003bb2        0x4 c:/program files (x86)/atmel/studio/7.0/toolchain/avr8/avr8-gnu-toolchain/bin/../lib/gcc/avr/5.4.0/avr6\libgcc.a(_exit.o)
 *(.fini0)
                0x00003bb6                _etext = .

.data           0x00800200        0x4 load address 0x00003bb6
                0x00800200                PROVIDE (__data_start, .)
 *(.data)
 .data          0x00800200        0x4 c:/program files (x86)/atmel/studio/7.0/toolchain/avr8/avr8-gnu-toolchain/bin/../lib/gcc/avr/5.4.0/../../../../avr/lib/avr6\libc.a(rand.o)
 *(.data*)
 *(.gnu.linkonce.d*)
 *(.rodata)
 *(.rodata*)
 *(.gnu.linkonce.r*)
                0x00800204                . = ALIGN (0x2)
                0x00800204                _edata = .
                0x00800204                PROVIDE (__data_end, .)

.bss            0x00800204      0x3a3
                0x00800204                PROVIDE (__bss_start, .)
 *(.bss)
 .bss           0x00800204        0xb ../src/ASF/thirdparty/wireless/services/common_hw_timer/mega/lib\libmegarfr2_lib_hw_timer.a(common_hw_timer.o)
 *(.bss*)
 .bss.ctrtem    0x0080020f        0x2 src/usr_wireless.o
                0x0080020f                ctrtem
 .bss.cargarDir
                0x00800211        0x2 src/usr_wireless.o
                0x00800211                cargarDir
 .bss.DatosNSIniciales
                0x00800213        0x2 src/usr_wireless.o
                0x00800213                DatosNSIniciales
 .bss.iniTx     0x00800215        0x2 src/usr_wireless.o
                0x00800215                iniTx
 .bss.ctrReTX   0x00800217        0x2 src/usr_wireless.o
                0x00800217                ctrReTX
 .bss.longitud_IDTramas
                0x00800219        0x2 src/usr_wireless.o
                0x00800219                longitud_IDTramas
 .bss.longitudTramaRX
                0x0080021b        0x2 src/usr_wireless.o
                0x0080021b                longitudTramaRX
 .bss.cont_NS   0x0080021d        0x2 src/usr_wireless.o
                0x0080021d                cont_NS
 .bss.longitudListaNS
                0x0080021f        0x2 src/usr_wireless.o
                0x0080021f                longitudListaNS
 .bss.tiempoDuracionTimer
                0x00800221        0x2 src/usr_wireless.o
                0x00800221                tiempoDuracionTimer
 .bss.TimerFinaliza
                0x00800223        0x2 src/usr_wireless.o
                0x00800223                TimerFinaliza
 .bss.seq_num.3071
                0x00800225        0x2 src/Wireless/wireless_api.o
 .bss.storage_buffer
                0x00800227       0x8b src/Wireless/wireless_api.o
 .bss.alloc_timer_id
                0x008002b2        0x1 src/ASF/thirdparty/wireless/avr2025_mac/source/pal/common_sw_timer/common_sw_timer.o
 .bss.expired_timer_queue_tail
                0x008002b3        0x1 src/ASF/thirdparty/wireless/avr2025_mac/source/pal/common_sw_timer/common_sw_timer.o
 .bss.expired_timer_queue_head
                0x008002b4        0x1 src/ASF/thirdparty/wireless/avr2025_mac/source/pal/common_sw_timer/common_sw_timer.o
 .bss.running_timer_queue_head
                0x008002b5        0x1 src/ASF/thirdparty/wireless/avr2025_mac/source/pal/common_sw_timer/common_sw_timer.o
 .bss.running_timers
                0x008002b6        0x1 src/ASF/thirdparty/wireless/avr2025_mac/source/pal/common_sw_timer/common_sw_timer.o
 .bss.free_large_buffer_q
                0x008002b7        0x5 src/ASF/thirdparty/wireless/avr2025_mac/source/resources/buffer/src/bmm.o
 .bss.buf_header
                0x008002bc        0xc src/ASF/thirdparty/wireless/avr2025_mac/source/resources/buffer/src/bmm.o
 .bss.buf_pool  0x008002c8      0x1a1 src/ASF/thirdparty/wireless/avr2025_mac/source/resources/buffer/src/bmm.o
 .bss.tal_rx_buffer
                0x00800469        0x2 src/ASF/thirdparty/wireless/avr2025_mac/source/tal/atmegarfr2/src/tal.o
                0x00800469                tal_rx_buffer
 .bss.irq_hdl_trx_awake
                0x0080046b        0x2 src/ASF/thirdparty/wireless/avr2025_mac/source/tal/atmegarfr2/src/tal_irq_handler.o
 .bss.irq_hdl_trx_cca_ed
                0x0080046d        0x2 src/ASF/thirdparty/wireless/avr2025_mac/source/tal/atmegarfr2/src/tal_irq_handler.o
 .bss.irq_hdl_trx_rx_end
                0x0080046f        0x2 src/ASF/thirdparty/wireless/avr2025_mac/source/tal/atmegarfr2/src/tal_irq_handler.o
 .bss.irq_hdl_trx_tx_end
                0x00800471        0x2 src/ASF/thirdparty/wireless/avr2025_mac/source/tal/atmegarfr2/src/tal_irq_handler.o
 .bss.trx_trac_status
                0x00800473        0x1 src/ASF/thirdparty/wireless/avr2025_mac/source/tal/atmegarfr2/src/tal_tx.o
 .bss.tfa_pib_rx_sens
                0x00800474        0x1 src/ASF/thirdparty/wireless/avr2025_mac/source/tfa/atmegarfr2/src/tfa.o
 .bss.tc_tccr5_compc_callback
                0x00800475        0x2 src/ASF/thirdparty/wireless/services/mega/drivers/tc/tc_megarf.o
 .bss.tc_tccr5_compb_callback
                0x00800477        0x2 src/ASF/thirdparty/wireless/services/mega/drivers/tc/tc_megarf.o
 .bss.tc_tccr5_compa_callback
                0x00800479        0x2 src/ASF/thirdparty/wireless/services/mega/drivers/tc/tc_megarf.o
 .bss.tc_tccr5_ovf_callback
                0x0080047b        0x2 src/ASF/thirdparty/wireless/services/mega/drivers/tc/tc_megarf.o
 .bss.tc_tccr4_compc_callback
                0x0080047d        0x2 src/ASF/thirdparty/wireless/services/mega/drivers/tc/tc_megarf.o
 .bss.tc_tccr4_compb_callback
                0x0080047f        0x2 src/ASF/thirdparty/wireless/services/mega/drivers/tc/tc_megarf.o
 .bss.tc_tccr4_compa_callback
                0x00800481        0x2 src/ASF/thirdparty/wireless/services/mega/drivers/tc/tc_megarf.o
 .bss.tc_tccr4_ovf_callback
                0x00800483        0x2 src/ASF/thirdparty/wireless/services/mega/drivers/tc/tc_megarf.o
 .bss.tc_tccr3_compc_callback
                0x00800485        0x2 src/ASF/thirdparty/wireless/services/mega/drivers/tc/tc_megarf.o
 .bss.tc_tccr3_compb_callback
                0x00800487        0x2 src/ASF/thirdparty/wireless/services/mega/drivers/tc/tc_megarf.o
 .bss.tc_tccr3_compa_callback
                0x00800489        0x2 src/ASF/thirdparty/wireless/services/mega/drivers/tc/tc_megarf.o
 .bss.tc_tccr3_ovf_callback
                0x0080048b        0x2 src/ASF/thirdparty/wireless/services/mega/drivers/tc/tc_megarf.o
 .bss.tc_tccr1_compc_callback
                0x0080048d        0x2 src/ASF/thirdparty/wireless/services/mega/drivers/tc/tc_megarf.o
 .bss.tc_tccr1_compb_callback
                0x0080048f        0x2 src/ASF/thirdparty/wireless/services/mega/drivers/tc/tc_megarf.o
 .bss.tc_tccr1_compa_callback
                0x00800491        0x2 src/ASF/thirdparty/wireless/services/mega/drivers/tc/tc_megarf.o
 .bss.tc_tccr1_ovf_callback
                0x00800493        0x2 src/ASF/thirdparty/wireless/services/mega/drivers/tc/tc_megarf.o
 *(COMMON)
 COMMON         0x00800495       0x72 src/usr_periodic_timer.o
                0x00800495                trama_recibida
                0x00800506                T_APP_TIMER1
 COMMON         0x00800507       0x3d src/usr_wireless.o
                0x00800507                IDS_TRAMAS
                0x0080051b                SRC_ADDR_
                0x0080051d                listacrtfor
                0x0080051e                listaNS
                0x0080053a                DST_ADDR_
                0x0080053c                ID_DEFAULT
                0x0080053e                ID_S
                0x00800540                NB
 COMMON         0x00800544       0x35 src/ASF/thirdparty/wireless/avr2025_mac/source/pal/common_sw_timer/common_sw_timer.o
                0x00800544                sys_time
                0x00800546                timer_array
                0x00800578                timer_trigger
 COMMON         0x00800579       0x2d src/ASF/thirdparty/wireless/avr2025_mac/source/tal/atmegarfr2/src/tal.o
                0x00800579                tal_rx_on_required
                0x0080057a                tal_incoming_frame_queue
                0x0080057f                mac_frame_ptr
                0x00800581                tal_pib
                0x008005a0                tal_trx_status
                0x008005a1                last_frame_length
                0x008005a2                tal_frame_to_tx
                0x008005a4                tal_awake_end_flag
                0x008005a5                tal_state
 COMMON         0x008005a6        0x1 ../src/ASF/thirdparty/wireless/services/common_hw_timer/mega/lib\libmegarfr2_lib_hw_timer.a(common_hw_timer.o)
                0x008005a6                timer_multiplier
                0x008005a7                PROVIDE (__bss_end, .)
                0x00003bb6                __data_load_start = LOADADDR (.data)
                0x00003bba                __data_load_end = (__data_load_start + SIZEOF (.data))

.noinit         0x008005a7        0x0
                [!provide]                PROVIDE (__noinit_start, .)
 *(.noinit*)
                [!provide]                PROVIDE (__noinit_end, .)
                0x008005a7                _end = .
                [!provide]                PROVIDE (__heap_start, .)

.eeprom         0x00810000        0x0
 *(.eeprom*)
                0x00810000                __eeprom_end = .

.fuse
 *(.fuse)
 *(.lfuse)
 *(.hfuse)
 *(.efuse)

.lock
 *(.lock*)

.signature
 *(.signature*)

.user_signatures
 *(.user_signatures*)

.stab
 *(.stab)

.stabstr
 *(.stabstr)

.stab.excl
 *(.stab.excl)

.stab.exclstr
 *(.stab.exclstr)

.stab.index
 *(.stab.index)

.stab.indexstr
 *(.stab.indexstr)

.comment        0x00000000       0x30
 *(.comment)
 .comment       0x00000000       0x30 src/usr_periodic_timer.o
                                 0x31 (size before relaxing)
 .comment       0x00000030       0x31 src/usr_wireless.o
 .comment       0x00000030       0x31 src/Wireless/periodic_timer.o
 .comment       0x00000030       0x31 src/Wireless/wireless_api.o
 .comment       0x00000030       0x31 src/ASF/common/boards/user_board/init.o
 .comment       0x00000030       0x31 src/ASF/common/services/clock/mega/sysclk.o
 .comment       0x00000030       0x31 src/ASF/thirdparty/wireless/avr2025_mac/source/pal/common_sw_timer/common_sw_timer.o
 .comment       0x00000030       0x31 src/ASF/thirdparty/wireless/avr2025_mac/source/pal/pal.o
 .comment       0x00000030       0x31 src/ASF/thirdparty/wireless/avr2025_mac/source/resources/buffer/src/bmm.o
 .comment       0x00000030       0x31 src/ASF/thirdparty/wireless/avr2025_mac/source/resources/queue/src/qmm.o
 .comment       0x00000030       0x31 src/ASF/thirdparty/wireless/avr2025_mac/source/tal/atmegarfr2/src/tal.o
 .comment       0x00000030       0x31 src/ASF/thirdparty/wireless/avr2025_mac/source/tal/atmegarfr2/src/tal_init.o
 .comment       0x00000030       0x31 src/ASF/thirdparty/wireless/avr2025_mac/source/tal/atmegarfr2/src/tal_irq_handler.o
 .comment       0x00000030       0x31 src/ASF/thirdparty/wireless/avr2025_mac/source/tal/atmegarfr2/src/tal_pib.o
 .comment       0x00000030       0x31 src/ASF/thirdparty/wireless/avr2025_mac/source/tal/atmegarfr2/src/tal_rx.o
 .comment       0x00000030       0x31 src/ASF/thirdparty/wireless/avr2025_mac/source/tal/atmegarfr2/src/tal_rx_enable.o
 .comment       0x00000030       0x31 src/ASF/thirdparty/wireless/avr2025_mac/source/tal/atmegarfr2/src/tal_tx.o
 .comment       0x00000030       0x31 src/ASF/thirdparty/wireless/avr2025_mac/source/tal/src/tal_helper.o
 .comment       0x00000030       0x31 src/ASF/thirdparty/wireless/avr2025_mac/source/tfa/atmegarfr2/src/tfa.o
 .comment       0x00000030       0x31 src/ASF/thirdparty/wireless/services/common_hw_timer/mega/hw_timer.o
 .comment       0x00000030       0x31 src/ASF/thirdparty/wireless/services/mega/drivers/tc/tc_megarf.o
 .comment       0x00000030       0x31 src/main.o
 .comment       0x00000030       0x31 c:/program files (x86)/atmel/studio/7.0/toolchain/avr8/avr8-gnu-toolchain/bin/../lib/gcc/avr/5.4.0/../../../../avr/lib/avr6\libc.a(rand.o)

.note.gnu.avr.deviceinfo
                0x00000000       0x40
 .note.gnu.avr.deviceinfo
                0x00000000       0x40 C:/Program Files (x86)/Atmel/Studio/7.0/Packs/atmel/ATmega_DFP/1.6.364/gcc/dev/atmega256rfr2/avr6/crtatmega256rfr2.o

.note.gnu.build-id
 *(.note.gnu.build-id)

.debug
 *(.debug)

.line
 *(.line)

.debug_srcinfo
 *(.debug_srcinfo)

.debug_sfnames
 *(.debug_sfnames)

.debug_aranges  0x00000000      0x780
 *(.debug_aranges)
 .debug_aranges
                0x00000000       0x20 src/usr_periodic_timer.o
 .debug_aranges
                0x00000020       0x68 src/usr_wireless.o
 .debug_aranges
                0x00000088       0x38 src/Wireless/periodic_timer.o
 .debug_aranges
                0x000000c0       0x40 src/Wireless/wireless_api.o
 .debug_aranges
                0x00000100       0x28 src/ASF/common/boards/user_board/init.o
 .debug_aranges
                0x00000128       0x30 src/ASF/common/services/clock/mega/sysclk.o
 .debug_aranges
                0x00000158       0x88 src/ASF/thirdparty/wireless/avr2025_mac/source/pal/common_sw_timer/common_sw_timer.o
 .debug_aranges
                0x000001e0       0x68 src/ASF/thirdparty/wireless/avr2025_mac/source/pal/pal.o
 .debug_aranges
                0x00000248       0x30 src/ASF/thirdparty/wireless/avr2025_mac/source/resources/buffer/src/bmm.o
 .debug_aranges
                0x00000278       0x48 src/ASF/thirdparty/wireless/avr2025_mac/source/resources/queue/src/qmm.o
 .debug_aranges
                0x000002c0       0x48 src/ASF/thirdparty/wireless/avr2025_mac/source/tal/atmegarfr2/src/tal.o
 .debug_aranges
                0x00000308       0x40 src/ASF/thirdparty/wireless/avr2025_mac/source/tal/atmegarfr2/src/tal_init.o
 .debug_aranges
                0x00000348       0xc8 src/ASF/thirdparty/wireless/avr2025_mac/source/tal/atmegarfr2/src/tal_irq_handler.o
 .debug_aranges
                0x00000410       0x48 src/ASF/thirdparty/wireless/avr2025_mac/source/tal/atmegarfr2/src/tal_pib.o
 .debug_aranges
                0x00000458       0x30 src/ASF/thirdparty/wireless/avr2025_mac/source/tal/atmegarfr2/src/tal_rx.o
 .debug_aranges
                0x00000488       0x20 src/ASF/thirdparty/wireless/avr2025_mac/source/tal/atmegarfr2/src/tal_rx_enable.o
 .debug_aranges
                0x000004a8       0x40 src/ASF/thirdparty/wireless/avr2025_mac/source/tal/atmegarfr2/src/tal_tx.o
 .debug_aranges
                0x000004e8       0xa0 src/ASF/thirdparty/wireless/avr2025_mac/source/tal/src/tal_helper.o
 .debug_aranges
                0x00000588       0x70 src/ASF/thirdparty/wireless/avr2025_mac/source/tfa/atmegarfr2/src/tfa.o
 .debug_aranges
                0x000005f8       0x70 src/ASF/thirdparty/wireless/services/common_hw_timer/mega/hw_timer.o
 .debug_aranges
                0x00000668       0xc8 src/ASF/thirdparty/wireless/services/mega/drivers/tc/tc_megarf.o
 .debug_aranges
                0x00000730       0x30 src/main.o
 .debug_aranges
                0x00000760       0x20 ../src/ASF/thirdparty/wireless/services/common_hw_timer/mega/lib\libmegarfr2_lib_hw_timer.a(common_hw_timer.o)

.debug_pubnames
 *(.debug_pubnames)

.debug_info     0x00000000     0xadb3
 *(.debug_info .gnu.linkonce.wi.*)
 .debug_info    0x00000000     0x13e6 C:/Program Files (x86)/Atmel/Studio/7.0/Packs/atmel/ATmega_DFP/1.6.364/gcc/dev/atmega256rfr2/avr6/crtatmega256rfr2.o
 .debug_info    0x000013e6      0x192 src/usr_periodic_timer.o
 .debug_info    0x00001578      0xe9e src/usr_wireless.o
 .debug_info    0x00002416      0x329 src/Wireless/periodic_timer.o
 .debug_info    0x0000273f      0x970 src/Wireless/wireless_api.o
 .debug_info    0x000030af      0x330 src/ASF/common/boards/user_board/init.o
 .debug_info    0x000033df      0x2b5 src/ASF/common/services/clock/mega/sysclk.o
 .debug_info    0x00003694      0xbd2 src/ASF/thirdparty/wireless/avr2025_mac/source/pal/common_sw_timer/common_sw_timer.o
 .debug_info    0x00004266      0x580 src/ASF/thirdparty/wireless/avr2025_mac/source/pal/pal.o
 .debug_info    0x000047e6      0x2ee src/ASF/thirdparty/wireless/avr2025_mac/source/resources/buffer/src/bmm.o
 .debug_info    0x00004ad4      0x495 src/ASF/thirdparty/wireless/avr2025_mac/source/resources/queue/src/qmm.o
 .debug_info    0x00004f69      0xa13 src/ASF/thirdparty/wireless/avr2025_mac/source/tal/atmegarfr2/src/tal.o
 .debug_info    0x0000597c      0xbbe src/ASF/thirdparty/wireless/avr2025_mac/source/tal/atmegarfr2/src/tal_init.o
 .debug_info    0x0000653a      0x460 src/ASF/thirdparty/wireless/avr2025_mac/source/tal/atmegarfr2/src/tal_irq_handler.o
 .debug_info    0x0000699a      0x7f6 src/ASF/thirdparty/wireless/avr2025_mac/source/tal/atmegarfr2/src/tal_pib.o
 .debug_info    0x00007190      0x4c1 src/ASF/thirdparty/wireless/avr2025_mac/source/tal/atmegarfr2/src/tal_rx.o
 .debug_info    0x00007651      0x39a src/ASF/thirdparty/wireless/avr2025_mac/source/tal/atmegarfr2/src/tal_rx_enable.o
 .debug_info    0x000079eb      0x87d src/ASF/thirdparty/wireless/avr2025_mac/source/tal/atmegarfr2/src/tal_tx.o
 .debug_info    0x00008268      0xa45 src/ASF/thirdparty/wireless/avr2025_mac/source/tal/src/tal_helper.o
 .debug_info    0x00008cad      0x9f4 src/ASF/thirdparty/wireless/avr2025_mac/source/tfa/atmegarfr2/src/tfa.o
 .debug_info    0x000096a1      0x734 src/ASF/thirdparty/wireless/services/common_hw_timer/mega/hw_timer.o
 .debug_info    0x00009dd5      0x854 src/ASF/thirdparty/wireless/services/mega/drivers/tc/tc_megarf.o
 .debug_info    0x0000a629      0x50e src/main.o
 .debug_info    0x0000ab37      0x27c ../src/ASF/thirdparty/wireless/services/common_hw_timer/mega/lib\libmegarfr2_lib_hw_timer.a(common_hw_timer.o)

.debug_abbrev   0x00000000     0x42e7
 *(.debug_abbrev)
 .debug_abbrev  0x00000000     0x12d6 C:/Program Files (x86)/Atmel/Studio/7.0/Packs/atmel/ATmega_DFP/1.6.364/gcc/dev/atmega256rfr2/avr6/crtatmega256rfr2.o
 .debug_abbrev  0x000012d6       0xba src/usr_periodic_timer.o
 .debug_abbrev  0x00001390      0x41e src/usr_wireless.o
 .debug_abbrev  0x000017ae      0x138 src/Wireless/periodic_timer.o
 .debug_abbrev  0x000018e6      0x253 src/Wireless/wireless_api.o
 .debug_abbrev  0x00001b39      0x163 src/ASF/common/boards/user_board/init.o
 .debug_abbrev  0x00001c9c      0x1a6 src/ASF/common/services/clock/mega/sysclk.o
 .debug_abbrev  0x00001e42      0x3a3 src/ASF/thirdparty/wireless/avr2025_mac/source/pal/common_sw_timer/common_sw_timer.o
 .debug_abbrev  0x000021e5      0x156 src/ASF/thirdparty/wireless/avr2025_mac/source/pal/pal.o
 .debug_abbrev  0x0000233b      0x140 src/ASF/thirdparty/wireless/avr2025_mac/source/resources/buffer/src/bmm.o
 .debug_abbrev  0x0000247b      0x256 src/ASF/thirdparty/wireless/avr2025_mac/source/resources/queue/src/qmm.o
 .debug_abbrev  0x000026d1      0x295 src/ASF/thirdparty/wireless/avr2025_mac/source/tal/atmegarfr2/src/tal.o
 .debug_abbrev  0x00002966      0x30c src/ASF/thirdparty/wireless/avr2025_mac/source/tal/atmegarfr2/src/tal_init.o
 .debug_abbrev  0x00002c72      0x1a4 src/ASF/thirdparty/wireless/avr2025_mac/source/tal/atmegarfr2/src/tal_irq_handler.o
 .debug_abbrev  0x00002e16      0x282 src/ASF/thirdparty/wireless/avr2025_mac/source/tal/atmegarfr2/src/tal_pib.o
 .debug_abbrev  0x00003098      0x237 src/ASF/thirdparty/wireless/avr2025_mac/source/tal/atmegarfr2/src/tal_rx.o
 .debug_abbrev  0x000032cf      0x100 src/ASF/thirdparty/wireless/avr2025_mac/source/tal/atmegarfr2/src/tal_rx_enable.o
 .debug_abbrev  0x000033cf      0x2af src/ASF/thirdparty/wireless/avr2025_mac/source/tal/atmegarfr2/src/tal_tx.o
 .debug_abbrev  0x0000367e      0x2b1 src/ASF/thirdparty/wireless/avr2025_mac/source/tal/src/tal_helper.o
 .debug_abbrev  0x0000392f      0x2e8 src/ASF/thirdparty/wireless/avr2025_mac/source/tfa/atmegarfr2/src/tfa.o
 .debug_abbrev  0x00003c17      0x21b src/ASF/thirdparty/wireless/services/common_hw_timer/mega/hw_timer.o
 .debug_abbrev  0x00003e32      0x1d3 src/ASF/thirdparty/wireless/services/mega/drivers/tc/tc_megarf.o
 .debug_abbrev  0x00004005      0x1cb src/main.o
 .debug_abbrev  0x000041d0      0x117 ../src/ASF/thirdparty/wireless/services/common_hw_timer/mega/lib\libmegarfr2_lib_hw_timer.a(common_hw_timer.o)

.debug_line     0x00000000     0xe04e
 *(.debug_line .debug_line.* .debug_line_end)
 .debug_line    0x00000000      0x272 C:/Program Files (x86)/Atmel/Studio/7.0/Packs/atmel/ATmega_DFP/1.6.364/gcc/dev/atmega256rfr2/avr6/crtatmega256rfr2.o
 .debug_line    0x00000272      0x8ea src/usr_periodic_timer.o
 .debug_line    0x00000b5c      0xcfa src/usr_wireless.o
 .debug_line    0x00001856      0x93f src/Wireless/periodic_timer.o
 .debug_line    0x00002195      0xa47 src/Wireless/wireless_api.o
 .debug_line    0x00002bdc      0x584 src/ASF/common/boards/user_board/init.o
 .debug_line    0x00003160      0x4b0 src/ASF/common/services/clock/mega/sysclk.o
 .debug_line    0x00003610      0xabd src/ASF/thirdparty/wireless/avr2025_mac/source/pal/common_sw_timer/common_sw_timer.o
 .debug_line    0x000040cd      0x79c src/ASF/thirdparty/wireless/avr2025_mac/source/pal/pal.o
 .debug_line    0x00004869      0x8da src/ASF/thirdparty/wireless/avr2025_mac/source/resources/buffer/src/bmm.o
 .debug_line    0x00005143      0x9ec src/ASF/thirdparty/wireless/avr2025_mac/source/resources/queue/src/qmm.o
 .debug_line    0x00005b2f      0xc2e src/ASF/thirdparty/wireless/avr2025_mac/source/tal/atmegarfr2/src/tal.o
 .debug_line    0x0000675d      0xc01 src/ASF/thirdparty/wireless/avr2025_mac/source/tal/atmegarfr2/src/tal_init.o
 .debug_line    0x0000735e      0xb1d src/ASF/thirdparty/wireless/avr2025_mac/source/tal/atmegarfr2/src/tal_irq_handler.o
 .debug_line    0x00007e7b      0xdd1 src/ASF/thirdparty/wireless/avr2025_mac/source/tal/atmegarfr2/src/tal_pib.o
 .debug_line    0x00008c4c      0x9eb src/ASF/thirdparty/wireless/avr2025_mac/source/tal/atmegarfr2/src/tal_rx.o
 .debug_line    0x00009637      0x8f9 src/ASF/thirdparty/wireless/avr2025_mac/source/tal/atmegarfr2/src/tal_rx_enable.o
 .debug_line    0x00009f30      0xaa9 src/ASF/thirdparty/wireless/avr2025_mac/source/tal/atmegarfr2/src/tal_tx.o
 .debug_line    0x0000a9d9      0xf32 src/ASF/thirdparty/wireless/avr2025_mac/source/tal/src/tal_helper.o
 .debug_line    0x0000b90b      0xd8f src/ASF/thirdparty/wireless/avr2025_mac/source/tfa/atmegarfr2/src/tfa.o
 .debug_line    0x0000c69a      0x642 src/ASF/thirdparty/wireless/services/common_hw_timer/mega/hw_timer.o
 .debug_line    0x0000ccdc      0x91c src/ASF/thirdparty/wireless/services/mega/drivers/tc/tc_megarf.o
 .debug_line    0x0000d5f8      0x911 src/main.o
 .debug_line    0x0000df09      0x145 ../src/ASF/thirdparty/wireless/services/common_hw_timer/mega/lib\libmegarfr2_lib_hw_timer.a(common_hw_timer.o)

.debug_frame    0x00000000     0x1908
 *(.debug_frame)
 .debug_frame   0x00000000       0x24 src/usr_periodic_timer.o
 .debug_frame   0x00000024      0x154 src/usr_wireless.o
 .debug_frame   0x00000178       0x68 src/Wireless/periodic_timer.o
 .debug_frame   0x000001e0       0xe4 src/Wireless/wireless_api.o
 .debug_frame   0x000002c4       0x34 src/ASF/common/boards/user_board/init.o
 .debug_frame   0x000002f8       0x74 src/ASF/common/services/clock/mega/sysclk.o
 .debug_frame   0x0000036c      0x210 src/ASF/thirdparty/wireless/avr2025_mac/source/pal/common_sw_timer/common_sw_timer.o
 .debug_frame   0x0000057c       0xe0 src/ASF/thirdparty/wireless/avr2025_mac/source/pal/pal.o
 .debug_frame   0x0000065c       0x50 src/ASF/thirdparty/wireless/avr2025_mac/source/resources/buffer/src/bmm.o
 .debug_frame   0x000006ac       0xd4 src/ASF/thirdparty/wireless/avr2025_mac/source/resources/queue/src/qmm.o
 .debug_frame   0x00000780       0xa8 src/ASF/thirdparty/wireless/avr2025_mac/source/tal/atmegarfr2/src/tal.o
 .debug_frame   0x00000828       0xf4 src/ASF/thirdparty/wireless/avr2025_mac/source/tal/atmegarfr2/src/tal_init.o
 .debug_frame   0x0000091c      0x348 src/ASF/thirdparty/wireless/avr2025_mac/source/tal/atmegarfr2/src/tal_irq_handler.o
 .debug_frame   0x00000c64       0x98 src/ASF/thirdparty/wireless/avr2025_mac/source/tal/atmegarfr2/src/tal_pib.o
 .debug_frame   0x00000cfc       0x78 src/ASF/thirdparty/wireless/avr2025_mac/source/tal/atmegarfr2/src/tal_rx.o
 .debug_frame   0x00000d74       0x24 src/ASF/thirdparty/wireless/avr2025_mac/source/tal/atmegarfr2/src/tal_rx_enable.o
 .debug_frame   0x00000d98       0x7c src/ASF/thirdparty/wireless/avr2025_mac/source/tal/atmegarfr2/src/tal_tx.o
 .debug_frame   0x00000e14      0x19c src/ASF/thirdparty/wireless/avr2025_mac/source/tal/src/tal_helper.o
 .debug_frame   0x00000fb0      0x13c src/ASF/thirdparty/wireless/avr2025_mac/source/tfa/atmegarfr2/src/tfa.o
 .debug_frame   0x000010ec       0xe0 src/ASF/thirdparty/wireless/services/common_hw_timer/mega/hw_timer.o
 .debug_frame   0x000011cc      0x624 src/ASF/thirdparty/wireless/services/mega/drivers/tc/tc_megarf.o
 .debug_frame   0x000017f0       0x50 src/main.o
 .debug_frame   0x00001840       0xc8 ../src/ASF/thirdparty/wireless/services/common_hw_timer/mega/lib\libmegarfr2_lib_hw_timer.a(common_hw_timer.o)

.debug_str      0x00000000    0x1f9b8
 *(.debug_str)
 .debug_str     0x00000000      0x7f7 C:/Program Files (x86)/Atmel/Studio/7.0/Packs/atmel/ATmega_DFP/1.6.364/gcc/dev/atmega256rfr2/avr6/crtatmega256rfr2.o
 .debug_str     0x000007f7    0x1af09 src/usr_periodic_timer.o
                              0x1b1ba (size before relaxing)
 .debug_str     0x0001b700      0xe3b src/usr_wireless.o
                              0x1bfeb (size before relaxing)
 .debug_str     0x0001c53b      0x1a6 src/Wireless/periodic_timer.o
                              0x1b36a (size before relaxing)
 .debug_str     0x0001c6e1      0x35a src/Wireless/wireless_api.o
                              0x1bb57 (size before relaxing)
 .debug_str     0x0001ca3b       0xc0 src/ASF/common/boards/user_board/init.o
                              0x171e7 (size before relaxing)
 .debug_str     0x0001cafb       0xc9 src/ASF/common/services/clock/mega/sysclk.o
                              0x16c3a (size before relaxing)
 .debug_str     0x0001cbc4      0x3f9 src/ASF/thirdparty/wireless/avr2025_mac/source/pal/common_sw_timer/common_sw_timer.o
                              0x16f6a (size before relaxing)
 .debug_str     0x0001cfbd      0x14d src/ASF/thirdparty/wireless/avr2025_mac/source/pal/pal.o
                              0x17d17 (size before relaxing)
 .debug_str     0x0001d10a      0x25a src/ASF/thirdparty/wireless/avr2025_mac/source/resources/buffer/src/bmm.o
                              0x1af03 (size before relaxing)
 .debug_str     0x0001d364      0x10e src/ASF/thirdparty/wireless/avr2025_mac/source/resources/queue/src/qmm.o
                              0x1a9a8 (size before relaxing)
 .debug_str     0x0001d472      0xe1e src/ASF/thirdparty/wireless/avr2025_mac/source/tal/atmegarfr2/src/tal.o
                              0x1be09 (size before relaxing)
 .debug_str     0x0001e290      0x2b0 src/ASF/thirdparty/wireless/avr2025_mac/source/tal/atmegarfr2/src/tal_init.o
                              0x1c232 (size before relaxing)
 .debug_str     0x0001e540      0x33f src/ASF/thirdparty/wireless/avr2025_mac/source/tal/atmegarfr2/src/tal_irq_handler.o
                              0x1bb39 (size before relaxing)
 .debug_str     0x0001e87f      0x15f src/ASF/thirdparty/wireless/avr2025_mac/source/tal/atmegarfr2/src/tal_pib.o
                              0x1bef9 (size before relaxing)
 .debug_str     0x0001e9de      0x17a src/ASF/thirdparty/wireless/avr2025_mac/source/tal/atmegarfr2/src/tal_rx.o
                              0x1bd4c (size before relaxing)
 .debug_str     0x0001eb58       0x55 src/ASF/thirdparty/wireless/avr2025_mac/source/tal/atmegarfr2/src/tal_rx_enable.o
                              0x1bd01 (size before relaxing)
 .debug_str     0x0001ebad       0xc3 src/ASF/thirdparty/wireless/avr2025_mac/source/tal/atmegarfr2/src/tal_tx.o
                              0x1c1b0 (size before relaxing)
 .debug_str     0x0001ec70      0x2bd src/ASF/thirdparty/wireless/avr2025_mac/source/tal/src/tal_helper.o
                              0x1be33 (size before relaxing)
 .debug_str     0x0001ef2d      0x235 src/ASF/thirdparty/wireless/avr2025_mac/source/tfa/atmegarfr2/src/tfa.o
                              0x1c201 (size before relaxing)
 .debug_str     0x0001f162      0x40a src/ASF/thirdparty/wireless/services/common_hw_timer/mega/hw_timer.o
                              0x17091 (size before relaxing)
 .debug_str     0x0001f56c      0x2f1 src/ASF/thirdparty/wireless/services/mega/drivers/tc/tc_megarf.o
                              0x16fa7 (size before relaxing)
 .debug_str     0x0001f85d       0x20 src/main.o
                              0x1b691 (size before relaxing)
 .debug_str     0x0001f87d      0x13b ../src/ASF/thirdparty/wireless/services/common_hw_timer/mega/lib\libmegarfr2_lib_hw_timer.a(common_hw_timer.o)
                                0x2a0 (size before relaxing)

.debug_loc      0x00000000     0x6a22
 *(.debug_loc)
 .debug_loc     0x00000000       0x26 src/usr_periodic_timer.o
 .debug_loc     0x00000026      0x843 src/usr_wireless.o
 .debug_loc     0x00000869       0x6f src/Wireless/periodic_timer.o
 .debug_loc     0x000008d8      0x58f src/Wireless/wireless_api.o
 .debug_loc     0x00000e67       0xa3 src/ASF/common/boards/user_board/init.o
 .debug_loc     0x00000f0a      0x1f2 src/ASF/common/services/clock/mega/sysclk.o
 .debug_loc     0x000010fc      0xe18 src/ASF/thirdparty/wireless/avr2025_mac/source/pal/common_sw_timer/common_sw_timer.o
 .debug_loc     0x00001f14      0x2c3 src/ASF/thirdparty/wireless/avr2025_mac/source/pal/pal.o
 .debug_loc     0x000021d7       0xe2 src/ASF/thirdparty/wireless/avr2025_mac/source/resources/buffer/src/bmm.o
 .debug_loc     0x000022b9      0x479 src/ASF/thirdparty/wireless/avr2025_mac/source/resources/queue/src/qmm.o
 .debug_loc     0x00002732      0x221 src/ASF/thirdparty/wireless/avr2025_mac/source/tal/atmegarfr2/src/tal.o
 .debug_loc     0x00002953      0x432 src/ASF/thirdparty/wireless/avr2025_mac/source/tal/atmegarfr2/src/tal_init.o
 .debug_loc     0x00002d85      0x5db src/ASF/thirdparty/wireless/avr2025_mac/source/tal/atmegarfr2/src/tal_irq_handler.o
 .debug_loc     0x00003360      0x7dd src/ASF/thirdparty/wireless/avr2025_mac/source/tal/atmegarfr2/src/tal_pib.o
 .debug_loc     0x00003b3d      0x2f4 src/ASF/thirdparty/wireless/avr2025_mac/source/tal/atmegarfr2/src/tal_rx.o
 .debug_loc     0x00003e31       0x53 src/ASF/thirdparty/wireless/avr2025_mac/source/tal/atmegarfr2/src/tal_rx_enable.o
 .debug_loc     0x00003e84      0x1d7 src/ASF/thirdparty/wireless/avr2025_mac/source/tal/atmegarfr2/src/tal_tx.o
 .debug_loc     0x0000405b      0xbc0 src/ASF/thirdparty/wireless/avr2025_mac/source/tal/src/tal_helper.o
 .debug_loc     0x00004c1b      0x6e7 src/ASF/thirdparty/wireless/avr2025_mac/source/tfa/atmegarfr2/src/tfa.o
 .debug_loc     0x00005302      0x1ec src/ASF/thirdparty/wireless/services/common_hw_timer/mega/hw_timer.o
 .debug_loc     0x000054ee     0x131a src/ASF/thirdparty/wireless/services/mega/drivers/tc/tc_megarf.o
 .debug_loc     0x00006808       0xac src/main.o
 .debug_loc     0x000068b4      0x16e ../src/ASF/thirdparty/wireless/services/common_hw_timer/mega/lib\libmegarfr2_lib_hw_timer.a(common_hw_timer.o)

.debug_macinfo
 *(.debug_macinfo)

.debug_weaknames
 *(.debug_weaknames)

.debug_funcnames
 *(.debug_funcnames)

.debug_typenames
 *(.debug_typenames)

.debug_varnames
 *(.debug_varnames)

.debug_pubtypes
 *(.debug_pubtypes)

.debug_ranges   0x00000000      0x6e8
 *(.debug_ranges)
 .debug_ranges  0x00000000       0x10 src/usr_periodic_timer.o
 .debug_ranges  0x00000010       0x70 src/usr_wireless.o
 .debug_ranges  0x00000080       0x28 src/Wireless/periodic_timer.o
 .debug_ranges  0x000000a8       0x30 src/Wireless/wireless_api.o
 .debug_ranges  0x000000d8       0x18 src/ASF/common/boards/user_board/init.o
 .debug_ranges  0x000000f0       0x20 src/ASF/common/services/clock/mega/sysclk.o
 .debug_ranges  0x00000110       0xe0 src/ASF/thirdparty/wireless/avr2025_mac/source/pal/common_sw_timer/common_sw_timer.o
 .debug_ranges  0x000001f0       0x58 src/ASF/thirdparty/wireless/avr2025_mac/source/pal/pal.o
 .debug_ranges  0x00000248       0x20 src/ASF/thirdparty/wireless/avr2025_mac/source/resources/buffer/src/bmm.o
 .debug_ranges  0x00000268       0x50 src/ASF/thirdparty/wireless/avr2025_mac/source/resources/queue/src/qmm.o
 .debug_ranges  0x000002b8       0x38 src/ASF/thirdparty/wireless/avr2025_mac/source/tal/atmegarfr2/src/tal.o
 .debug_ranges  0x000002f0       0x30 src/ASF/thirdparty/wireless/avr2025_mac/source/tal/atmegarfr2/src/tal_init.o
 .debug_ranges  0x00000320       0xb8 src/ASF/thirdparty/wireless/avr2025_mac/source/tal/atmegarfr2/src/tal_irq_handler.o
 .debug_ranges  0x000003d8       0x88 src/ASF/thirdparty/wireless/avr2025_mac/source/tal/atmegarfr2/src/tal_pib.o
 .debug_ranges  0x00000460       0x20 src/ASF/thirdparty/wireless/avr2025_mac/source/tal/atmegarfr2/src/tal_rx.o
 .debug_ranges  0x00000480       0x10 src/ASF/thirdparty/wireless/avr2025_mac/source/tal/atmegarfr2/src/tal_rx_enable.o
 .debug_ranges  0x00000490       0x30 src/ASF/thirdparty/wireless/avr2025_mac/source/tal/atmegarfr2/src/tal_tx.o
 .debug_ranges  0x000004c0       0x90 src/ASF/thirdparty/wireless/avr2025_mac/source/tal/src/tal_helper.o
 .debug_ranges  0x00000550       0x60 src/ASF/thirdparty/wireless/avr2025_mac/source/tfa/atmegarfr2/src/tfa.o
 .debug_ranges  0x000005b0       0x60 src/ASF/thirdparty/wireless/services/common_hw_timer/mega/hw_timer.o
 .debug_ranges  0x00000610       0xb8 src/ASF/thirdparty/wireless/services/mega/drivers/tc/tc_megarf.o
 .debug_ranges  0x000006c8       0x20 src/main.o

.debug_macro    0x00000000     0xb729
 *(.debug_macro)
 .debug_macro   0x00000000      0x2e5 src/usr_periodic_timer.o
 .debug_macro   0x000002e5      0xa9c src/usr_periodic_timer.o
 .debug_macro   0x00000d81       0x10 src/usr_periodic_timer.o
 .debug_macro   0x00000d91      0x1c9 src/usr_periodic_timer.o
 .debug_macro   0x00000f5a      0x2fc src/usr_periodic_timer.o
 .debug_macro   0x00001256       0x9e src/usr_periodic_timer.o
 .debug_macro   0x000012f4     0x37da src/usr_periodic_timer.o
 .debug_macro   0x00004ace      0x219 src/usr_periodic_timer.o
 .debug_macro   0x00004ce7       0xd9 src/usr_periodic_timer.o
 .debug_macro   0x00004dc0       0x34 src/usr_periodic_timer.o
 .debug_macro   0x00004df4       0x18 src/usr_periodic_timer.o
 .debug_macro   0x00004e0c       0x6c src/usr_periodic_timer.o
 .debug_macro   0x00004e78       0x22 src/usr_periodic_timer.o
 .debug_macro   0x00004e9a      0x16d src/usr_periodic_timer.o
 .debug_macro   0x00005007       0x1c src/usr_periodic_timer.o
 .debug_macro   0x00005023       0x35 src/usr_periodic_timer.o
 .debug_macro   0x00005058       0x66 src/usr_periodic_timer.o
 .debug_macro   0x000050be      0x71d src/usr_periodic_timer.o
 .debug_macro   0x000057db       0x43 src/usr_periodic_timer.o
 .debug_macro   0x0000581e       0x69 src/usr_periodic_timer.o
 .debug_macro   0x00005887       0x31 src/usr_periodic_timer.o
 .debug_macro   0x000058b8       0x10 src/usr_periodic_timer.o
 .debug_macro   0x000058c8      0x175 src/usr_periodic_timer.o
 .debug_macro   0x00005a3d       0x40 src/usr_periodic_timer.o
 .debug_macro   0x00005a7d      0x100 src/usr_periodic_timer.o
 .debug_macro   0x00005b7d       0x22 src/usr_periodic_timer.o
 .debug_macro   0x00005b9f       0x3a src/usr_periodic_timer.o
 .debug_macro   0x00005bd9       0x3a src/usr_periodic_timer.o
 .debug_macro   0x00005c13      0x2df src/usr_periodic_timer.o
 .debug_macro   0x00005ef2       0xc9 src/usr_periodic_timer.o
 .debug_macro   0x00005fbb       0x28 src/usr_periodic_timer.o
 .debug_macro   0x00005fe3       0x22 src/usr_periodic_timer.o
 .debug_macro   0x00006005       0x6e src/usr_periodic_timer.o
 .debug_macro   0x00006073       0x16 src/usr_periodic_timer.o
 .debug_macro   0x00006089       0x1c src/usr_periodic_timer.o
 .debug_macro   0x000060a5       0x16 src/usr_periodic_timer.o
 .debug_macro   0x000060bb       0x3a src/usr_periodic_timer.o
 .debug_macro   0x000060f5       0x78 src/usr_periodic_timer.o
 .debug_macro   0x0000616d       0x46 src/usr_periodic_timer.o
 .debug_macro   0x000061b3      0x7e3 src/usr_periodic_timer.o
 .debug_macro   0x00006996       0x28 src/usr_periodic_timer.o
 .debug_macro   0x000069be       0x22 src/usr_periodic_timer.o
 .debug_macro   0x000069e0       0x10 src/usr_periodic_timer.o
 .debug_macro   0x000069f0      0x461 src/usr_periodic_timer.o
 .debug_macro   0x00006e51       0x30 src/usr_periodic_timer.o
 .debug_macro   0x00006e81       0x10 src/usr_periodic_timer.o
 .debug_macro   0x00006e91       0x27 src/usr_periodic_timer.o
 .debug_macro   0x00006eb8       0x99 src/usr_periodic_timer.o
 .debug_macro   0x00006f51       0x9e src/usr_periodic_timer.o
 .debug_macro   0x00006fef       0x16 src/usr_periodic_timer.o
 .debug_macro   0x00007005       0xa0 src/usr_periodic_timer.o
 .debug_macro   0x000070a5       0x1c src/usr_periodic_timer.o
 .debug_macro   0x000070c1      0x2f3 src/usr_wireless.o
 .debug_macro   0x000073b4       0x6a src/usr_wireless.o
 .debug_macro   0x0000741e      0x160 src/usr_wireless.o
 .debug_macro   0x0000757e      0x2e1 src/Wireless/periodic_timer.o
 .debug_macro   0x0000785f      0x2cf src/Wireless/wireless_api.o
 .debug_macro   0x00007b2e      0x1b0 src/ASF/common/boards/user_board/init.o
 .debug_macro   0x00007cde      0x15a src/ASF/common/services/clock/mega/sysclk.o
 .debug_macro   0x00007e38      0x173 src/ASF/thirdparty/wireless/avr2025_mac/source/pal/common_sw_timer/common_sw_timer.o
 .debug_macro   0x00007fab       0x10 src/ASF/thirdparty/wireless/avr2025_mac/source/pal/common_sw_timer/common_sw_timer.o
 .debug_macro   0x00007fbb      0x1f7 src/ASF/thirdparty/wireless/avr2025_mac/source/pal/pal.o
 .debug_macro   0x000081b2       0x28 src/ASF/thirdparty/wireless/avr2025_mac/source/pal/pal.o
 .debug_macro   0x000081da       0xcf src/ASF/thirdparty/wireless/avr2025_mac/source/pal/pal.o
 .debug_macro   0x000082a9      0x276 src/ASF/thirdparty/wireless/avr2025_mac/source/resources/buffer/src/bmm.o
 .debug_macro   0x0000851f      0x10e src/ASF/thirdparty/wireless/avr2025_mac/source/resources/buffer/src/bmm.o
 .debug_macro   0x0000862d      0x302 src/ASF/thirdparty/wireless/avr2025_mac/source/resources/buffer/src/bmm.o
 .debug_macro   0x0000892f       0x86 src/ASF/thirdparty/wireless/avr2025_mac/source/resources/buffer/src/bmm.o
 .debug_macro   0x000089b5       0x34 src/ASF/thirdparty/wireless/avr2025_mac/source/resources/buffer/src/bmm.o
 .debug_macro   0x000089e9      0x254 src/ASF/thirdparty/wireless/avr2025_mac/source/resources/queue/src/qmm.o
 .debug_macro   0x00008c3d      0x7e9 src/ASF/thirdparty/wireless/avr2025_mac/source/resources/queue/src/qmm.o
 .debug_macro   0x00009426       0x2e src/ASF/thirdparty/wireless/avr2025_mac/source/resources/queue/src/qmm.o
 .debug_macro   0x00009454      0x2ba src/ASF/thirdparty/wireless/avr2025_mac/source/tal/atmegarfr2/src/tal.o
 .debug_macro   0x0000970e       0x16 src/ASF/thirdparty/wireless/avr2025_mac/source/tal/atmegarfr2/src/tal.o
 .debug_macro   0x00009724       0x22 src/ASF/thirdparty/wireless/avr2025_mac/source/tal/atmegarfr2/src/tal.o
 .debug_macro   0x00009746       0x82 src/ASF/thirdparty/wireless/avr2025_mac/source/tal/atmegarfr2/src/tal.o
 .debug_macro   0x000097c8      0x14c src/ASF/thirdparty/wireless/avr2025_mac/source/tal/atmegarfr2/src/tal.o
 .debug_macro   0x00009914      0x2c1 src/ASF/thirdparty/wireless/avr2025_mac/source/tal/atmegarfr2/src/tal_init.o
 .debug_macro   0x00009bd5      0x2c2 src/ASF/thirdparty/wireless/avr2025_mac/source/tal/atmegarfr2/src/tal_irq_handler.o
 .debug_macro   0x00009e97      0x2aa src/ASF/thirdparty/wireless/avr2025_mac/source/tal/atmegarfr2/src/tal_pib.o
 .debug_macro   0x0000a141       0x97 src/ASF/thirdparty/wireless/avr2025_mac/source/tal/atmegarfr2/src/tal_pib.o
 .debug_macro   0x0000a1d8       0x16 src/ASF/thirdparty/wireless/avr2025_mac/source/tal/atmegarfr2/src/tal_pib.o
 .debug_macro   0x0000a1ee       0xf6 src/ASF/thirdparty/wireless/avr2025_mac/source/tal/atmegarfr2/src/tal_pib.o
 .debug_macro   0x0000a2e4       0x5a src/ASF/thirdparty/wireless/avr2025_mac/source/tal/atmegarfr2/src/tal_pib.o
 .debug_macro   0x0000a33e      0x2e1 src/ASF/thirdparty/wireless/avr2025_mac/source/tal/atmegarfr2/src/tal_rx.o
 .debug_macro   0x0000a61f      0x2b4 src/ASF/thirdparty/wireless/avr2025_mac/source/tal/atmegarfr2/src/tal_rx_enable.o
 .debug_macro   0x0000a8d3      0x2c7 src/ASF/thirdparty/wireless/avr2025_mac/source/tal/atmegarfr2/src/tal_tx.o
 .debug_macro   0x0000ab9a      0x285 src/ASF/thirdparty/wireless/avr2025_mac/source/tal/src/tal_helper.o
 .debug_macro   0x0000ae1f      0x2b8 src/ASF/thirdparty/wireless/avr2025_mac/source/tfa/atmegarfr2/src/tfa.o
 .debug_macro   0x0000b0d7       0x97 src/ASF/thirdparty/wireless/avr2025_mac/source/tfa/atmegarfr2/src/tfa.o
 .debug_macro   0x0000b16e      0x18f src/ASF/thirdparty/wireless/services/common_hw_timer/mega/hw_timer.o
 .debug_macro   0x0000b2fd       0x10 src/ASF/thirdparty/wireless/services/common_hw_timer/mega/hw_timer.o
 .debug_macro   0x0000b30d      0x167 src/ASF/thirdparty/wireless/services/mega/drivers/tc/tc_megarf.o
 .debug_macro   0x0000b474      0x2b5 src/main.o
OUTPUT(NODO_NORMAL.elf elf32-avr)
LOAD linker stubs
